Archive member included to satisfy reference by file (symbol)

c:/st/stm32cubeide_1.3.0/stm32cubeide/plugins/com.st.stm32cube.ide.mcu.externaltools.gnu-tools-for-stm32.7-2018-q2-update.win32_1.0.0.201904181610/tools/bin/../lib/gcc/arm-none-eabi/7.3.1/../../../../arm-none-eabi/lib/thumb/v7e-m/fpv4-sp/hard\libc_nano.a(lib_a-exit.o)
                              c:/st/stm32cubeide_1.3.0/stm32cubeide/plugins/com.st.stm32cube.ide.mcu.externaltools.gnu-tools-for-stm32.7-2018-q2-update.win32_1.0.0.201904181610/tools/bin/../lib/gcc/arm-none-eabi/7.3.1/../../../../arm-none-eabi/lib/thumb/v7e-m/fpv4-sp/hard/crt0.o (exit)
c:/st/stm32cubeide_1.3.0/stm32cubeide/plugins/com.st.stm32cube.ide.mcu.externaltools.gnu-tools-for-stm32.7-2018-q2-update.win32_1.0.0.201904181610/tools/bin/../lib/gcc/arm-none-eabi/7.3.1/../../../../arm-none-eabi/lib/thumb/v7e-m/fpv4-sp/hard\libc_nano.a(lib_a-impure.o)
                              c:/st/stm32cubeide_1.3.0/stm32cubeide/plugins/com.st.stm32cube.ide.mcu.externaltools.gnu-tools-for-stm32.7-2018-q2-update.win32_1.0.0.201904181610/tools/bin/../lib/gcc/arm-none-eabi/7.3.1/../../../../arm-none-eabi/lib/thumb/v7e-m/fpv4-sp/hard\libc_nano.a(lib_a-exit.o) (_global_impure_ptr)
c:/st/stm32cubeide_1.3.0/stm32cubeide/plugins/com.st.stm32cube.ide.mcu.externaltools.gnu-tools-for-stm32.7-2018-q2-update.win32_1.0.0.201904181610/tools/bin/../lib/gcc/arm-none-eabi/7.3.1/../../../../arm-none-eabi/lib/thumb/v7e-m/fpv4-sp/hard\libc_nano.a(lib_a-init.o)
                              c:/st/stm32cubeide_1.3.0/stm32cubeide/plugins/com.st.stm32cube.ide.mcu.externaltools.gnu-tools-for-stm32.7-2018-q2-update.win32_1.0.0.201904181610/tools/bin/../lib/gcc/arm-none-eabi/7.3.1/../../../../arm-none-eabi/lib/thumb/v7e-m/fpv4-sp/hard/crt0.o (__libc_init_array)
c:/st/stm32cubeide_1.3.0/stm32cubeide/plugins/com.st.stm32cube.ide.mcu.externaltools.gnu-tools-for-stm32.7-2018-q2-update.win32_1.0.0.201904181610/tools/bin/../lib/gcc/arm-none-eabi/7.3.1/../../../../arm-none-eabi/lib/thumb/v7e-m/fpv4-sp/hard\libc_nano.a(lib_a-memset.o)
                              c:/st/stm32cubeide_1.3.0/stm32cubeide/plugins/com.st.stm32cube.ide.mcu.externaltools.gnu-tools-for-stm32.7-2018-q2-update.win32_1.0.0.201904181610/tools/bin/../lib/gcc/arm-none-eabi/7.3.1/../../../../arm-none-eabi/lib/thumb/v7e-m/fpv4-sp/hard/crt0.o (memset)
c:/st/stm32cubeide_1.3.0/stm32cubeide/plugins/com.st.stm32cube.ide.mcu.externaltools.gnu-tools-for-stm32.7-2018-q2-update.win32_1.0.0.201904181610/tools/bin/../lib/gcc/arm-none-eabi/7.3.1/../../../../arm-none-eabi/lib/thumb/v7e-m/fpv4-sp/hard\libc_nano.a(lib_a-nano-vfprintf_float.o)
                              (_printf_float)
c:/st/stm32cubeide_1.3.0/stm32cubeide/plugins/com.st.stm32cube.ide.mcu.externaltools.gnu-tools-for-stm32.7-2018-q2-update.win32_1.0.0.201904181610/tools/bin/../lib/gcc/arm-none-eabi/7.3.1/../../../../arm-none-eabi/lib/thumb/v7e-m/fpv4-sp/hard\libc_nano.a(lib_a-nano-vfprintf_i.o)
                              c:/st/stm32cubeide_1.3.0/stm32cubeide/plugins/com.st.stm32cube.ide.mcu.externaltools.gnu-tools-for-stm32.7-2018-q2-update.win32_1.0.0.201904181610/tools/bin/../lib/gcc/arm-none-eabi/7.3.1/../../../../arm-none-eabi/lib/thumb/v7e-m/fpv4-sp/hard\libc_nano.a(lib_a-nano-vfprintf_float.o) (_printf_common)
c:/st/stm32cubeide_1.3.0/stm32cubeide/plugins/com.st.stm32cube.ide.mcu.externaltools.gnu-tools-for-stm32.7-2018-q2-update.win32_1.0.0.201904181610/tools/bin/../lib/gcc/arm-none-eabi/7.3.1/../../../../arm-none-eabi/lib/thumb/v7e-m/fpv4-sp/hard\libc_nano.a(lib_a-sprintf.o)
                              Core/Src/main.o (sprintf)
c:/st/stm32cubeide_1.3.0/stm32cubeide/plugins/com.st.stm32cube.ide.mcu.externaltools.gnu-tools-for-stm32.7-2018-q2-update.win32_1.0.0.201904181610/tools/bin/../lib/gcc/arm-none-eabi/7.3.1/../../../../arm-none-eabi/lib/thumb/v7e-m/fpv4-sp/hard\libc_nano.a(lib_a-strlen.o)
                              Core/Src/main.o (strlen)
c:/st/stm32cubeide_1.3.0/stm32cubeide/plugins/com.st.stm32cube.ide.mcu.externaltools.gnu-tools-for-stm32.7-2018-q2-update.win32_1.0.0.201904181610/tools/bin/../lib/gcc/arm-none-eabi/7.3.1/../../../../arm-none-eabi/lib/thumb/v7e-m/fpv4-sp/hard\libc_nano.a(lib_a-dtoa.o)
                              c:/st/stm32cubeide_1.3.0/stm32cubeide/plugins/com.st.stm32cube.ide.mcu.externaltools.gnu-tools-for-stm32.7-2018-q2-update.win32_1.0.0.201904181610/tools/bin/../lib/gcc/arm-none-eabi/7.3.1/../../../../arm-none-eabi/lib/thumb/v7e-m/fpv4-sp/hard\libc_nano.a(lib_a-nano-vfprintf_float.o) (_dtoa_r)
c:/st/stm32cubeide_1.3.0/stm32cubeide/plugins/com.st.stm32cube.ide.mcu.externaltools.gnu-tools-for-stm32.7-2018-q2-update.win32_1.0.0.201904181610/tools/bin/../lib/gcc/arm-none-eabi/7.3.1/../../../../arm-none-eabi/lib/thumb/v7e-m/fpv4-sp/hard\libc_nano.a(lib_a-localeconv.o)
[...]
Memory Configuration

Name             Origin             Length             Attributes
CCMRAM           0x0000000010000000 0x0000000000004000 xrw
RAM              0x0000000020000000 0x0000000000010000 xrw
FLASH            0x0000000008000000 0x0000000000080000 xr
*default*        0x0000000000000000 0xffffffffffffffff

Linker script and memory map

LOAD c:/st/stm32cubeide_1.3.0/stm32cubeide/plugins/com.st.stm32cube.ide.mcu.externaltools.gnu-tools-for-stm32.7-2018-q2-update.win32_1.0.0.201904181610/tools/bin/../lib/gcc/arm-none-eabi/7.3.1/thumb/v7e-m/fpv4-sp/hard/crti.o
LOAD c:/st/stm32cubeide_1.3.0/stm32cubeide/plugins/com.st.stm32cube.ide.mcu.externaltools.gnu-tools-for-stm32.7-2018-q2-update.win32_1.0.0.201904181610/tools/bin/../lib/gcc/arm-none-eabi/7.3.1/thumb/v7e-m/fpv4-sp/hard/crtbegin.o
LOAD c:/st/stm32cubeide_1.3.0/stm32cubeide/plugins/com.st.stm32cube.ide.mcu.externaltools.gnu-tools-for-stm32.7-2018-q2-update.win32_1.0.0.201904181610/tools/bin/../lib/gcc/arm-none-eabi/7.3.1/../../../../arm-none-eabi/lib/thumb/v7e-m/fpv4-sp/hard/crt0.o
LOAD Core/Src/INA219.o
LOAD Core/Src/adc.o
LOAD Core/Src/az.o
LOAD Core/Src/dma.o
LOAD Core/Src/elew.o
LOAD Core/Src/fatfs_sd.o
LOAD Core/Src/gpio.o
LOAD Core/Src/i2c.o
LOAD Core/Src/lcd_i2c.o
LOAD Core/Src/main.o
LOAD Core/Src/solar2.o
LOAD Core/Src/spi.o
LOAD Core/Src/stepper.o
LOAD Core/Src/stm32f3xx_hal_msp.o
LOAD Core/Src/stm32f3xx_it.o
LOAD Core/Src/system_stm32f3xx.o
LOAD Core/Src/tim.o
LOAD Core/Src/usart.o
LOAD Core/Startup/startup_stm32f303retx.o
LOAD Drivers/STM32F3xx_HAL_Driver/Src/stm32f3xx_hal.o
LOAD Drivers/STM32F3xx_HAL_Driver/Src/stm32f3xx_hal_adc.o
LOAD Drivers/STM32F3xx_HAL_Driver/Src/stm32f3xx_hal_adc_ex.o
LOAD Drivers/STM32F3xx_HAL_Driver/Src/stm32f3xx_hal_cortex.o
LOAD Drivers/STM32F3xx_HAL_Driver/Src/stm32f3xx_hal_dma.o
LOAD Drivers/STM32F3xx_HAL_Driver/Src/stm32f3xx_hal_exti.o
LOAD Drivers/STM32F3xx_HAL_Driver/Src/stm32f3xx_hal_flash.o
LOAD Drivers/STM32F3xx_HAL_Driver/Src/stm32f3xx_hal_flash_ex.o
LOAD Drivers/STM32F3xx_HAL_Driver/Src/stm32f3xx_hal_gpio.o
LOAD Drivers/STM32F3xx_HAL_Driver/Src/stm32f3xx_hal_i2c.o
LOAD Drivers/STM32F3xx_HAL_Driver/Src/stm32f3xx_hal_i2c_ex.o
LOAD Drivers/STM32F3xx_HAL_Driver/Src/stm32f3xx_hal_pwr.o
LOAD Drivers/STM32F3xx_HAL_Driver/Src/stm32f3xx_hal_pwr_ex.o
LOAD Drivers/STM32F3xx_HAL_Driver/Src/stm32f3xx_hal_rcc.o
LOAD Drivers/STM32F3xx_HAL_Driver/Src/stm32f3xx_hal_rcc_ex.o
LOAD Drivers/STM32F3xx_HAL_Driver/Src/stm32f3xx_hal_spi.o
LOAD Drivers/STM32F3xx_HAL_Driver/Src/stm32f3xx_hal_spi_ex.o
LOAD Drivers/STM32F3xx_HAL_Driver/Src/stm32f3xx_hal_tim.o
LOAD Drivers/STM32F3xx_HAL_Driver/Src/stm32f3xx_hal_tim_ex.o
LOAD Drivers/STM32F3xx_HAL_Driver/Src/stm32f3xx_hal_uart.o
LOAD Drivers/STM32F3xx_HAL_Driver/Src/stm32f3xx_hal_uart_ex.o
LOAD FATFS/App/fatfs.o
LOAD FATFS/Target/user_diskio.o
LOAD Middlewares/Third_Party/FatFs/src/diskio.o
LOAD Middlewares/Third_Party/FatFs/src/ff.o
LOAD Middlewares/Third_Party/FatFs/src/ff_gen_drv.o
LOAD Middlewares/Third_Party/FatFs/src/option/ccsbcs.o
LOAD Middlewares/Third_Party/FatFs/src/option/syscall.o
START GROUP
LOAD c:/st/stm32cubeide_1.3.0/stm32cubeide/plugins/com.st.stm32cube.ide.mcu.externaltools.gnu-tools-for-stm32.7-2018-q2-update.win32_1.0.0.201904181610/tools/bin/../lib/gcc/arm-none-eabi/7.3.1/../../../../arm-none-eabi/lib/thumb/v7e-m/fpv4-sp/hard\libc_nano.a
LOAD c:/st/stm32cubeide_1.3.0/stm32cubeide/plugins/com.st.stm32cube.ide.mcu.externaltools.gnu-tools-for-stm32.7-2018-q2-update.win32_1.0.0.201904181610/tools/bin/../lib/gcc/arm-none-eabi/7.3.1/../../../../arm-none-eabi/lib/thumb/v7e-m/fpv4-sp/hard\libm.a
END GROUP
START GROUP
LOAD c:/st/stm32cubeide_1.3.0/stm32cubeide/plugins/com.st.stm32cube.ide.mcu.externaltools.gnu-tools-for-stm32.7-2018-q2-update.win32_1.0.0.201904181610/tools/bin/../lib/gcc/arm-none-eabi/7.3.1/thumb/v7e-m/fpv4-sp/hard\libgcc.a
LOAD c:/st/stm32cubeide_1.3.0/stm32cubeide/plugins/com.st.stm32cube.ide.mcu.externaltools.gnu-tools-for-stm32.7-2018-q2-update.win32_1.0.0.201904181610/tools/bin/../lib/gcc/arm-none-eabi/7.3.1/../../../../arm-none-eabi/lib/thumb/v7e-m/fpv4-sp/hard\libc_nano.a
END GROUP
START GROUP
LOAD c:/st/stm32cubeide_1.3.0/stm32cubeide/plugins/com.st.stm32cube.ide.mcu.externaltools.gnu-tools-for-stm32.7-2018-q2-update.win32_1.0.0.201904181610/tools/bin/../lib/gcc/arm-none-eabi/7.3.1/thumb/v7e-m/fpv4-sp/hard\libgcc.a
LOAD c:/st/stm32cubeide_1.3.0/stm32cubeide/plugins/com.st.stm32cube.ide.mcu.externaltools.gnu-tools-for-stm32.7-2018-q2-update.win32_1.0.0.201904181610/tools/bin/../lib/gcc/arm-none-eabi/7.3.1/../../../../arm-none-eabi/lib/thumb/v7e-m/fpv4-sp/hard\libc_nano.a
LOAD c:/st/stm32cubeide_1.3.0/stm32cubeide/plugins/com.st.stm32cube.ide.mcu.externaltools.gnu-tools-for-stm32.7-2018-q2-update.win32_1.0.0.201904181610/tools/bin/../lib/gcc/arm-none-eabi/7.3.1/../../../../arm-none-eabi/lib/thumb/v7e-m/fpv4-sp/hard\libnosys.a
END GROUP
START GROUP
LOAD c:/st/stm32cubeide_1.3.0/stm32cubeide/plugins/com.st.stm32cube.ide.mcu.externaltools.gnu-tools-for-stm32.7-2018-q2-update.win32_1.0.0.201904181610/tools/bin/../lib/gcc/arm-none-eabi/7.3.1/thumb/v7e-m/fpv4-sp/hard\libgcc.a
LOAD c:/st/stm32cubeide_1.3.0/stm32cubeide/plugins/com.st.stm32cube.ide.mcu.externaltools.gnu-tools-for-stm32.7-2018-q2-update.win32_1.0.0.201904181610/tools/bin/../lib/gcc/arm-none-eabi/7.3.1/../../../../arm-none-eabi/lib/thumb/v7e-m/fpv4-sp/hard\libc_nano.a
LOAD c:/st/stm32cubeide_1.3.0/stm32cubeide/plugins/com.st.stm32cube.ide.mcu.externaltools.gnu-tools-for-stm32.7-2018-q2-update.win32_1.0.0.201904181610/tools/bin/../lib/gcc/arm-none-eabi/7.3.1/../../../../arm-none-eabi/lib/thumb/v7e-m/fpv4-sp/hard\libnosys.a
END GROUP
LOAD c:/st/stm32cubeide_1.3.0/stm32cubeide/plugins/com.st.stm32cube.ide.mcu.externaltools.gnu-tools-for-stm32.7-2018-q2-update.win32_1.0.0.201904181610/tools/bin/../lib/gcc/arm-none-eabi/7.3.1/thumb/v7e-m/fpv4-sp/hard/crtend.o
LOAD c:/st/stm32cubeide_1.3.0/stm32cubeide/plugins/com.st.stm32cube.ide.mcu.externaltools.gnu-tools-for-stm32.7-2018-q2-update.win32_1.0.0.201904181610/tools/bin/../lib/gcc/arm-none-eabi/7.3.1/thumb/v7e-m/fpv4-sp/hard/crtn.o
                0x0000000020010000                _estack = (ORIGIN (RAM) + LENGTH (RAM))
                0x0000000000000200                _Min_Heap_Size = 0x200
                0x0000000000000400                _Min_Stack_Size = 0x400

.isr_vector     0x0000000008000000      0x194
                0x0000000008000000                . = ALIGN (0x4)
 *(.isr_vector)
 .isr_vector    0x0000000008000000      0x194 Core/Startup/startup_stm32f303retx.o
                0x0000000008000000                g_pfnVectors
                0x0000000008000194                . = ALIGN (0x4)

.text           0x00000000080001a0     0xffcc
                0x00000000080001a0                . = ALIGN (0x4)
 *(.text)
 .text          0x00000000080001a0       0x40 c:/st/stm32cubeide_1.3.0/stm32cubeide/plugins/com.st.stm32cube.ide.mcu.externaltools.gnu-tools-for-stm32.7-2018-q2-update.win32_1.0.0.201904181610/tools/bin/../lib/gcc/arm-none-eabi/7.3.1/thumb/v7e-m/fpv4-sp/hard/crtbegin.o
 .text          0x00000000080001e0       0x10 c:/st/stm32cubeide_1.3.0/stm32cubeide/plugins/com.st.stm32cube.ide.mcu.externaltools.gnu-tools-for-stm32.7-2018-q2-update.win32_1.0.0.201904181610/tools/bin/../lib/gcc/arm-none-eabi/7.3.1/../../../../arm-none-eabi/lib/thumb/v7e-m/fpv4-sp/hard\libc_nano.a(lib_a-strlen.o)
                0x00000000080001e0                strlen
 .text          0x00000000080001f0       0xa0 c:/st/stm32cubeide_1.3.0/stm32cubeide/plugins/com.st.stm32cube.ide.mcu.externaltools.gnu-tools-for-stm32.7-2018-q2-update.win32_1.0.0.201904181610/tools/bin/../lib/gcc/arm-none-eabi/7.3.1/../../../../arm-none-eabi/lib/thumb/v7e-m/fpv4-sp/hard\libc_nano.a(lib_a-memchr.o)
                0x00000000080001f0                memchr
 .text          0x0000000008000290      0x378 c:/st/stm32cubeide_1.3.0/stm32cubeide/plugins/com.st.stm32cube.ide.mcu.externaltools.gnu-tools-for-stm32.7-2018-q2-update.win32_1.0.0.201904181610/tools/bin/../lib/gcc/arm-none-eabi/7.3.1/thumb/v7e-m/fpv4-sp/hard\libgcc.a(_arm_addsubdf3.o)
                0x0000000008000290                __aeabi_drsub
                0x0000000008000298                __aeabi_dsub
                0x0000000008000298                __subdf3
                0x000000000800029c                __aeabi_dadd
                0x000000000800029c                __adddf3
                0x0000000008000514                __floatunsidf
                0x0000000008000514                __aeabi_ui2d
                0x0000000008000534                __floatsidf
                0x0000000008000534                __aeabi_i2d
                0x0000000008000558                __aeabi_f2d
                0x0000000008000558                __extendsfdf2
                0x000000000800059c                __floatundidf
                0x000000000800059c                __aeabi_ul2d
                0x00000000080005ac                __floatdidf
                0x00000000080005ac                __aeabi_l2d
 .text          0x0000000008000608      0x424 c:/st/stm32cubeide_1.3.0/stm32cubeide/plugins/com.st.stm32cube.ide.mcu.externaltools.gnu-tools-for-stm32.7-2018-q2-update.win32_1.0.0.201904181610/tools/bin/../lib/gcc/arm-none-eabi/7.3.1/thumb/v7e-m/fpv4-sp/hard\libgcc.a(_arm_muldivdf3.o)
                0x0000000008000608                __aeabi_dmul
                0x0000000008000608                __muldf3
                0x000000000800085c                __divdf3
                0x000000000800085c                __aeabi_ddiv
 .text          0x0000000008000a2c      0x110 c:/st/stm32cubeide_1.3.0/stm32cubeide/plugins/com.st.stm32cube.ide.mcu.externaltools.gnu-tools-for-stm32.7-2018-q2-update.win32_1.0.0.201904181610/tools/bin/../lib/gcc/arm-none-eabi/7.3.1/thumb/v7e-m/fpv4-sp/hard\libgcc.a(_arm_cmpdf2.o)
                0x0000000008000a2c                __gtdf2
                0x0000000008000a2c                __gedf2
                0x0000000008000a34                __ltdf2
                0x0000000008000a34                __ledf2
                0x0000000008000a3c                __nedf2
                0x0000000008000a3c                __eqdf2
                0x0000000008000a3c                __cmpdf2
                0x0000000008000ab8                __aeabi_cdrcmple
                0x0000000008000ac8                __aeabi_cdcmpeq
                0x0000000008000ac8                __aeabi_cdcmple
                0x0000000008000ad8                __aeabi_dcmpeq
                0x0000000008000aec                __aeabi_dcmplt
                0x0000000008000b00                __aeabi_dcmple
                0x0000000008000b14                __aeabi_dcmpge
                0x0000000008000b28                __aeabi_dcmpgt
 .text          0x0000000008000b3c       0x2c c:/st/stm32cubeide_1.3.0/stm32cubeide/plugins/com.st.stm32cube.ide.mcu.externaltools.gnu-tools-for-stm32.7-2018-q2-update.win32_1.0.0.201904181610/tools/bin/../lib/gcc/arm-none-eabi/7.3.1/thumb/v7e-m/fpv4-sp/hard\libgcc.a(_arm_unorddf2.o)
                0x0000000008000b3c                __unorddf2
                0x0000000008000b3c                __aeabi_dcmpun
 .text          0x0000000008000b68       0x50 c:/st/stm32cubeide_1.3.0/stm32cubeide/plugins/com.st.stm32cube.ide.mcu.externaltools.gnu-tools-for-stm32.7-2018-q2-update.win32_1.0.0.201904181610/tools/bin/../lib/gcc/arm-none-eabi/7.3.1/thumb/v7e-m/fpv4-sp/hard\libgcc.a(_arm_fixdfsi.o)
                0x0000000008000b68                __aeabi_d2iz
                0x0000000008000b68                __fixdfsi
 .text          0x0000000008000bb8       0xa0 c:/st/stm32cubeide_1.3.0/stm32cubeide/plugins/com.st.stm32cube.ide.mcu.externaltools.gnu-tools-for-stm32.7-2018-q2-update.win32_1.0.0.201904181610/tools/bin/../lib/gcc/arm-none-eabi/7.3.1/thumb/v7e-m/fpv4-sp/hard\libgcc.a(_arm_truncdfsf2.o)
                0x0000000008000bb8                __truncdfsf2
                0x0000000008000bb8                __aeabi_d2f
 *(.text*)
 .text.ina_init
                0x0000000008000c58       0x20 Core/Src/INA219.o
                0x0000000008000c58                ina_init
 .text.ina_write
                0x0000000008000c78       0x4c Core/Src/INA219.o
                0x0000000008000c78                ina_write
 .text.ina_read
                0x0000000008000cc4       0x50 Core/Src/INA219.o
                0x0000000008000cc4                ina_read
 .text.ina_calib_16V_200mA
                0x0000000008000d14       0x40 Core/Src/INA219.o
                0x0000000008000d14                ina_calib_16V_200mA
 .text.getBusVoltage_raw
                0x0000000008000d54       0x48 Core/Src/INA219.o
                0x0000000008000d54                getBusVoltage_raw
 .text.getPower_raw
                0x0000000008000d9c       0x1a Core/Src/INA219.o
                0x0000000008000d9c                getPower_raw
 *fill*         0x0000000008000db6        0x2 
 .text.getBusVoltage_V
                0x0000000008000db8       0x48 Core/Src/INA219.o
                0x0000000008000db8                getBusVoltage_V
 .text.ina_power_mW
                0x0000000008000e00       0x44 Core/Src/INA219.o
                0x0000000008000e00                ina_power_mW
 .text.MX_ADC1_Init
                0x0000000008000e44      0x134 Core/Src/adc.o
                0x0000000008000e44                MX_ADC1_Init
 .text.HAL_ADC_MspInit
                0x0000000008000f78      0x104 Core/Src/adc.o
                0x0000000008000f78                HAL_ADC_MspInit
 .text.az_init  0x000000000800107c       0x44 Core/Src/az.o
                0x000000000800107c                az_init
 .text.az_wlacz
                0x00000000080010c0       0x24 Core/Src/az.o
                0x00000000080010c0                az_wlacz
 .text.az_lewo  0x00000000080010e4       0x44 Core/Src/az.o
                0x00000000080010e4                az_lewo
 .text.az_prawo
                0x0000000008001128       0x44 Core/Src/az.o
                0x0000000008001128                az_prawo
 .text.az_stop  0x000000000800116c       0x14 Core/Src/az.o
                0x000000000800116c                az_stop
 .text.az_poz_pocz
                0x0000000008001180       0x20 Core/Src/az.o
                0x0000000008001180                az_poz_pocz
 .text.az_kroki
                0x00000000080011a0       0x28 Core/Src/az.o
                0x00000000080011a0                az_kroki
 .text.az_predk
                0x00000000080011c8       0x74 Core/Src/az.o
                0x00000000080011c8                az_predk
 .text.az_odczytaj_fotorez
                0x000000000800123c       0x28 Core/Src/az.o
                0x000000000800123c                az_odczytaj_fotorez
 .text.az_steruj
                0x0000000008001264      0x154 Core/Src/az.o
                0x0000000008001264                az_steruj
 .text.MX_DMA_Init
                0x00000000080013b8       0x3c Core/Src/dma.o
                0x00000000080013b8                MX_DMA_Init
 .text.elew_init
                0x00000000080013f4       0x44 Core/Src/elew.o
                0x00000000080013f4                elew_init
 .text.elew_wlacz
                0x0000000008001438       0x14 Core/Src/elew.o
                0x0000000008001438                elew_wlacz
 .text.elew_dol
                0x000000000800144c       0x44 Core/Src/elew.o
                0x000000000800144c                elew_dol
 .text.elew_gora
                0x0000000008001490       0x44 Core/Src/elew.o
                0x0000000008001490                elew_gora
 .text.elew_stop
                0x00000000080014d4       0x14 Core/Src/elew.o
                0x00000000080014d4                elew_stop
 .text.elew_poz_pocz
                0x00000000080014e8       0x20 Core/Src/elew.o
                0x00000000080014e8                elew_poz_pocz
 .text.elew_kroki
                0x0000000008001508       0x28 Core/Src/elew.o
                0x0000000008001508                elew_kroki
 .text.elew_predk
                0x0000000008001530       0x74 Core/Src/elew.o
                0x0000000008001530                elew_predk
 .text.elew_odczytaj_fotorez
                0x00000000080015a4       0x28 Core/Src/elew.o
                0x00000000080015a4                elew_odczytaj_fotorez
 .text.elew_steruj
                0x00000000080015cc      0x164 Core/Src/elew.o
                0x00000000080015cc                elew_steruj
 .text.SELECT   0x0000000008001730       0x20 Core/Src/fatfs_sd.o
 .text.DESELECT
                0x0000000008001750       0x20 Core/Src/fatfs_sd.o
 .text.SPI_TxByte
                0x0000000008001770       0x34 Core/Src/fatfs_sd.o
 .text.SPI_TxBuffer
                0x00000000080017a4       0x34 Core/Src/fatfs_sd.o
 .text.SPI_RxByte
                0x00000000080017d8       0x38 Core/Src/fatfs_sd.o
 .text.SPI_RxBytePtr
                0x0000000008001810       0x1c Core/Src/fatfs_sd.o
 .text.SD_ReadyWait
                0x000000000800182c       0x34 Core/Src/fatfs_sd.o
 .text.SD_PowerOn
                0x0000000008001860       0x84 Core/Src/fatfs_sd.o
 .text.SD_PowerOff
                0x00000000080018e4       0x18 Core/Src/fatfs_sd.o
 .text.SD_CheckPower
                0x00000000080018fc       0x18 Core/Src/fatfs_sd.o
 .text.SD_RxDataBlock
                0x0000000008001914       0x60 Core/Src/fatfs_sd.o
 .text.SD_TxDataBlock
                0x0000000008001974       0x86 Core/Src/fatfs_sd.o
 .text.SD_SendCmd
                0x00000000080019fa       0xa8 Core/Src/fatfs_sd.o
 *fill*         0x0000000008001aa2        0x2 
 .text.SD_disk_initialize
                0x0000000008001aa4      0x1d8 Core/Src/fatfs_sd.o
                0x0000000008001aa4                SD_disk_initialize
 .text.SD_disk_status
                0x0000000008001c7c       0x2c Core/Src/fatfs_sd.o
                0x0000000008001c7c                SD_disk_status
 .text.SD_disk_read
                0x0000000008001ca8       0xd4 Core/Src/fatfs_sd.o
                0x0000000008001ca8                SD_disk_read
 .text.SD_disk_write
                0x0000000008001d7c      0x108 Core/Src/fatfs_sd.o
                0x0000000008001d7c                SD_disk_write
 .text.SD_disk_ioctl
                0x0000000008001e84      0x254 Core/Src/fatfs_sd.o
                0x0000000008001e84                SD_disk_ioctl
 .text.MX_GPIO_Init
                0x00000000080020d8      0x150 Core/Src/gpio.o
                0x00000000080020d8                MX_GPIO_Init
 .text.MX_I2C1_Init
                0x0000000008002228       0x80 Core/Src/i2c.o
                0x0000000008002228                MX_I2C1_Init
 .text.HAL_I2C_MspInit
                0x00000000080022a8       0x88 Core/Src/i2c.o
                0x00000000080022a8                HAL_I2C_MspInit
 .text.lcd_init
                0x0000000008002330       0x80 Core/Src/lcd_i2c.o
                0x0000000008002330                lcd_init
 .text.lcd_write
                0x00000000080023b0       0x8c Core/Src/lcd_i2c.o
                0x00000000080023b0                lcd_write
 .text.lcd_display
                0x000000000800243c       0xa8 Core/Src/lcd_i2c.o
                0x000000000800243c                lcd_display
 .text.lcd_clear
                0x00000000080024e4       0x30 Core/Src/lcd_i2c.o
                0x00000000080024e4                lcd_clear
 .text.open_append
                0x0000000008002514       0x4a Core/Src/main.o
                0x0000000008002514                open_append
 *fill*         0x000000000800255e        0x2 
 .text.send_uart
                0x0000000008002560       0x30 Core/Src/main.o
                0x0000000008002560                send_uart
 .text.zapis_danych
                0x0000000008002590      0x168 Core/Src/main.o
                0x0000000008002590                zapis_danych
 .text.HAL_TIM_PeriodElapsedCallback
                0x00000000080026f8       0x30 Core/Src/main.o
                0x00000000080026f8                HAL_TIM_PeriodElapsedCallback
 .text.main     0x0000000008002728      0x128 Core/Src/main.o
                0x0000000008002728                main
 .text.SystemClock_Config
                0x0000000008002850       0xdc Core/Src/main.o
                0x0000000008002850                SystemClock_Config
 .text.Error_Handler
                0x000000000800292c        0xe Core/Src/main.o
                0x000000000800292c                Error_Handler
 *fill*         0x000000000800293a        0x2 
 .text.MX_SPI2_Init
                0x000000000800293c       0x7c Core/Src/spi.o
                0x000000000800293c                MX_SPI2_Init
 .text.HAL_SPI_MspInit
                0x00000000080029b8       0x88 Core/Src/spi.o
                0x00000000080029b8                HAL_SPI_MspInit
 .text.HAL_MspInit
                0x0000000008002a40       0x48 Core/Src/stm32f3xx_hal_msp.o
                0x0000000008002a40                HAL_MspInit
 .text.NMI_Handler
                0x0000000008002a88        0xe Core/Src/stm32f3xx_it.o
                0x0000000008002a88                NMI_Handler
 .text.HardFault_Handler
                0x0000000008002a96        0x6 Core/Src/stm32f3xx_it.o
                0x0000000008002a96                HardFault_Handler
 .text.MemManage_Handler
                0x0000000008002a9c        0x6 Core/Src/stm32f3xx_it.o
                0x0000000008002a9c                MemManage_Handler
 .text.BusFault_Handler
                0x0000000008002aa2        0x6 Core/Src/stm32f3xx_it.o
                0x0000000008002aa2                BusFault_Handler
 .text.UsageFault_Handler
                0x0000000008002aa8        0x6 Core/Src/stm32f3xx_it.o
                0x0000000008002aa8                UsageFault_Handler
 .text.SVC_Handler
                0x0000000008002aae        0xe Core/Src/stm32f3xx_it.o
                0x0000000008002aae                SVC_Handler
 .text.DebugMon_Handler
                0x0000000008002abc        0xe Core/Src/stm32f3xx_it.o
                0x0000000008002abc                DebugMon_Handler
 .text.PendSV_Handler
                0x0000000008002aca        0xe Core/Src/stm32f3xx_it.o
                0x0000000008002aca                PendSV_Handler
 .text.SysTick_Handler
                0x0000000008002ad8        0xc Core/Src/stm32f3xx_it.o
                0x0000000008002ad8                SysTick_Handler
 .text.DMA1_Channel1_IRQHandler
                0x0000000008002ae4       0x14 Core/Src/stm32f3xx_it.o
                0x0000000008002ae4                DMA1_Channel1_IRQHandler
 .text.TIM2_IRQHandler
                0x0000000008002af8       0x14 Core/Src/stm32f3xx_it.o
                0x0000000008002af8                TIM2_IRQHandler
 .text.TIM3_IRQHandler
                0x0000000008002b0c       0x14 Core/Src/stm32f3xx_it.o
                0x0000000008002b0c                TIM3_IRQHandler
 .text.TIM4_IRQHandler
                0x0000000008002b20       0x14 Core/Src/stm32f3xx_it.o
                0x0000000008002b20                TIM4_IRQHandler
 .text.SystemInit
                0x0000000008002b34       0x2c Core/Src/system_stm32f3xx.o
                0x0000000008002b34                SystemInit
 .text.MX_TIM1_Init
                0x0000000008002b60      0x154 Core/Src/tim.o
                0x0000000008002b60                MX_TIM1_Init
 .text.MX_TIM2_Init
                0x0000000008002cb4       0x9c Core/Src/tim.o
                0x0000000008002cb4                MX_TIM2_Init
 .text.MX_TIM3_Init
                0x0000000008002d50       0xa0 Core/Src/tim.o
                0x0000000008002d50                MX_TIM3_Init
 .text.MX_TIM4_Init
                0x0000000008002df0       0xa0 Core/Src/tim.o
                0x0000000008002df0                MX_TIM4_Init
 .text.MX_TIM8_Init
                0x0000000008002e90      0x158 Core/Src/tim.o
                0x0000000008002e90                MX_TIM8_Init
 .text.HAL_TIM_Base_MspInit
                0x0000000008002fe8      0x108 Core/Src/tim.o
                0x0000000008002fe8                HAL_TIM_Base_MspInit
 .text.HAL_TIM_MspPostInit
                0x00000000080030f0       0xbc Core/Src/tim.o
                0x00000000080030f0                HAL_TIM_MspPostInit
 .text.MX_USART2_UART_Init
                0x00000000080031ac       0x60 Core/Src/usart.o
                0x00000000080031ac                MX_USART2_UART_Init
 .text.HAL_UART_MspInit
                0x000000000800320c       0x84 Core/Src/usart.o
                0x000000000800320c                HAL_UART_MspInit
 .text.Reset_Handler
                0x0000000008003290       0x50 Core/Startup/startup_stm32f303retx.o
                0x0000000008003290                Reset_Handler
 .text.Default_Handler
                0x00000000080032e0        0x2 Core/Startup/startup_stm32f303retx.o
                0x00000000080032e0                RTC_Alarm_IRQHandler
                0x00000000080032e0                TIM8_TRG_COM_IRQHandler
                0x00000000080032e0                TIM8_CC_IRQHandler
                0x00000000080032e0                SPI4_IRQHandler
                0x00000000080032e0                TIM1_CC_IRQHandler
                0x00000000080032e0                USB_HP_IRQHandler
                0x00000000080032e0                PVD_IRQHandler
                0x00000000080032e0                TAMP_STAMP_IRQHandler
                0x00000000080032e0                EXTI3_IRQHandler
                0x00000000080032e0                I2C3_ER_IRQHandler
                0x00000000080032e0                USB_HP_CAN_TX_IRQHandler
                0x00000000080032e0                EXTI0_IRQHandler
                0x00000000080032e0                I2C2_EV_IRQHandler
                0x00000000080032e0                FPU_IRQHandler
                0x00000000080032e0                TIM1_UP_TIM16_IRQHandler
                0x00000000080032e0                ADC1_2_IRQHandler
                0x00000000080032e0                SPI1_IRQHandler
                0x00000000080032e0                CAN_SCE_IRQHandler
                0x00000000080032e0                TIM6_DAC_IRQHandler
                0x00000000080032e0                TIM8_UP_IRQHandler
                0x00000000080032e0                DMA2_Channel2_IRQHandler
                0x00000000080032e0                DMA1_Channel4_IRQHandler
                0x00000000080032e0                TIM20_TRG_COM_IRQHandler
                0x00000000080032e0                USART3_IRQHandler
                0x00000000080032e0                DMA1_Channel7_IRQHandler
                0x00000000080032e0                UART5_IRQHandler
                0x00000000080032e0                ADC3_IRQHandler
                0x00000000080032e0                CAN_RX1_IRQHandler
                0x00000000080032e0                DMA2_Channel1_IRQHandler
                0x00000000080032e0                I2C1_EV_IRQHandler
                0x00000000080032e0                DMA1_Channel6_IRQHandler
                0x00000000080032e0                UART4_IRQHandler
                0x00000000080032e0                DMA2_Channel4_IRQHandler
                0x00000000080032e0                RCC_IRQHandler
                0x00000000080032e0                TIM20_UP_IRQHandler
                0x00000000080032e0                Default_Handler
                0x00000000080032e0                USBWakeUp_RMP_IRQHandler
                0x00000000080032e0                EXTI15_10_IRQHandler
                0x00000000080032e0                TIM7_IRQHandler
                0x00000000080032e0                I2C3_EV_IRQHandler
                0x00000000080032e0                EXTI9_5_IRQHandler
                0x00000000080032e0                RTC_WKUP_IRQHandler
                0x00000000080032e0                SPI2_IRQHandler
                0x00000000080032e0                USB_LP_CAN_RX0_IRQHandler
                0x00000000080032e0                DMA2_Channel5_IRQHandler
                0x00000000080032e0                DMA1_Channel5_IRQHandler
                0x00000000080032e0                USB_LP_IRQHandler
                0x00000000080032e0                EXTI4_IRQHandler
                0x00000000080032e0                TIM1_TRG_COM_TIM17_IRQHandler
                0x00000000080032e0                DMA1_Channel3_IRQHandler
                0x00000000080032e0                ADC4_IRQHandler
                0x00000000080032e0                WWDG_IRQHandler
                0x00000000080032e0                COMP7_IRQHandler
                0x00000000080032e0                COMP1_2_3_IRQHandler
                0x00000000080032e0                EXTI1_IRQHandler
                0x00000000080032e0                USART2_IRQHandler
                0x00000000080032e0                COMP4_5_6_IRQHandler
                0x00000000080032e0                TIM20_BRK_IRQHandler
                0x00000000080032e0                I2C2_ER_IRQHandler
                0x00000000080032e0                DMA1_Channel2_IRQHandler
                0x00000000080032e0                TIM8_BRK_IRQHandler
                0x00000000080032e0                FLASH_IRQHandler
                0x00000000080032e0                TIM20_CC_IRQHandler
                0x00000000080032e0                USART1_IRQHandler
                0x00000000080032e0                SPI3_IRQHandler
                0x00000000080032e0                I2C1_ER_IRQHandler
                0x00000000080032e0                FMC_IRQHandler
                0x00000000080032e0                USBWakeUp_IRQHandler
                0x00000000080032e0                DMA2_Channel3_IRQHandler
                0x00000000080032e0                EXTI2_TSC_IRQHandler
                0x00000000080032e0                TIM1_BRK_TIM15_IRQHandler
 *fill*         0x00000000080032e2        0x2 
 .text.HAL_Init
                0x00000000080032e4       0x2c Drivers/STM32F3xx_HAL_Driver/Src/stm32f3xx_hal.o
                0x00000000080032e4                HAL_Init
 .text.HAL_InitTick
                0x0000000008003310       0x60 Drivers/STM32F3xx_HAL_Driver/Src/stm32f3xx_hal.o
                0x0000000008003310                HAL_InitTick
 .text.HAL_IncTick
                0x0000000008003370       0x28 Drivers/STM32F3xx_HAL_Driver/Src/stm32f3xx_hal.o
                0x0000000008003370                HAL_IncTick
 .text.HAL_GetTick
                0x0000000008003398       0x18 Drivers/STM32F3xx_HAL_Driver/Src/stm32f3xx_hal.o
                0x0000000008003398                HAL_GetTick
 .text.HAL_Delay
                0x00000000080033b0       0x44 Drivers/STM32F3xx_HAL_Driver/Src/stm32f3xx_hal.o
                0x00000000080033b0                HAL_Delay
 .text.HAL_ADC_ConvCpltCallback
                0x00000000080033f4       0x14 Drivers/STM32F3xx_HAL_Driver/Src/stm32f3xx_hal_adc.o
                0x00000000080033f4                HAL_ADC_ConvCpltCallback
 .text.HAL_ADC_ConvHalfCpltCallback
                0x0000000008003408       0x14 Drivers/STM32F3xx_HAL_Driver/Src/stm32f3xx_hal_adc.o
                0x0000000008003408                HAL_ADC_ConvHalfCpltCallback
 .text.HAL_ADC_ErrorCallback
                0x000000000800341c       0x14 Drivers/STM32F3xx_HAL_Driver/Src/stm32f3xx_hal_adc.o
                0x000000000800341c                HAL_ADC_ErrorCallback
 .text.HAL_ADC_Init
                0x0000000008003430      0x3f4 Drivers/STM32F3xx_HAL_Driver/Src/stm32f3xx_hal_adc_ex.o
                0x0000000008003430                HAL_ADC_Init
 .text.HAL_ADC_Start_DMA
                0x0000000008003824      0x238 Drivers/STM32F3xx_HAL_Driver/Src/stm32f3xx_hal_adc_ex.o
                0x0000000008003824                HAL_ADC_Start_DMA
 .text.HAL_ADC_Stop_DMA
                0x0000000008003a5c       0xb8 Drivers/STM32F3xx_HAL_Driver/Src/stm32f3xx_hal_adc_ex.o
                0x0000000008003a5c                HAL_ADC_Stop_DMA
 .text.HAL_ADC_ConfigChannel
                0x0000000008003b14      0x5d8 Drivers/STM32F3xx_HAL_Driver/Src/stm32f3xx_hal_adc_ex.o
                0x0000000008003b14                HAL_ADC_ConfigChannel
 .text.HAL_ADCEx_MultiModeConfigChannel
                0x00000000080040ec      0x1e4 Drivers/STM32F3xx_HAL_Driver/Src/stm32f3xx_hal_adc_ex.o
                0x00000000080040ec                HAL_ADCEx_MultiModeConfigChannel
 .text.ADC_DMAConvCplt
                0x00000000080042d0       0x7a Drivers/STM32F3xx_HAL_Driver/Src/stm32f3xx_hal_adc_ex.o
 .text.ADC_DMAHalfConvCplt
                0x000000000800434a       0x1c Drivers/STM32F3xx_HAL_Driver/Src/stm32f3xx_hal_adc_ex.o
 .text.ADC_DMAError
                0x0000000008004366       0x34 Drivers/STM32F3xx_HAL_Driver/Src/stm32f3xx_hal_adc_ex.o
 *fill*         0x000000000800439a        0x2 
 .text.ADC_Enable
                0x000000000800439c       0xbc Drivers/STM32F3xx_HAL_Driver/Src/stm32f3xx_hal_adc_ex.o
 .text.ADC_Disable
                0x0000000008004458       0xbe Drivers/STM32F3xx_HAL_Driver/Src/stm32f3xx_hal_adc_ex.o
 *fill*         0x0000000008004516        0x2 
 .text.ADC_ConversionStop
                0x0000000008004518      0x15c Drivers/STM32F3xx_HAL_Driver/Src/stm32f3xx_hal_adc_ex.o
 .text.__NVIC_SetPriorityGrouping
                0x0000000008004674       0x48 Drivers/STM32F3xx_HAL_Driver/Src/stm32f3xx_hal_cortex.o
 .text.__NVIC_GetPriorityGrouping
                0x00000000080046bc       0x1c Drivers/STM32F3xx_HAL_Driver/Src/stm32f3xx_hal_cortex.o
 .text.__NVIC_EnableIRQ
                0x00000000080046d8       0x3c Drivers/STM32F3xx_HAL_Driver/Src/stm32f3xx_hal_cortex.o
 .text.__NVIC_SetPriority
                0x0000000008004714       0x54 Drivers/STM32F3xx_HAL_Driver/Src/stm32f3xx_hal_cortex.o
 .text.NVIC_EncodePriority
                0x0000000008004768       0x66 Drivers/STM32F3xx_HAL_Driver/Src/stm32f3xx_hal_cortex.o
 *fill*         0x00000000080047ce        0x2 
 .text.SysTick_Config
                0x00000000080047d0       0x44 Drivers/STM32F3xx_HAL_Driver/Src/stm32f3xx_hal_cortex.o
 .text.HAL_NVIC_SetPriorityGrouping
                0x0000000008004814       0x16 Drivers/STM32F3xx_HAL_Driver/Src/stm32f3xx_hal_cortex.o
                0x0000000008004814                HAL_NVIC_SetPriorityGrouping
 .text.HAL_NVIC_SetPriority
                0x000000000800482a       0x38 Drivers/STM32F3xx_HAL_Driver/Src/stm32f3xx_hal_cortex.o
                0x000000000800482a                HAL_NVIC_SetPriority
 .text.HAL_NVIC_EnableIRQ
                0x0000000008004862       0x1c Drivers/STM32F3xx_HAL_Driver/Src/stm32f3xx_hal_cortex.o
                0x0000000008004862                HAL_NVIC_EnableIRQ
 .text.HAL_SYSTICK_Config
                0x000000000800487e       0x18 Drivers/STM32F3xx_HAL_Driver/Src/stm32f3xx_hal_cortex.o
                0x000000000800487e                HAL_SYSTICK_Config
 .text.HAL_DMA_Init
                0x0000000008004896       0x8e Drivers/STM32F3xx_HAL_Driver/Src/stm32f3xx_hal_dma.o
                0x0000000008004896                HAL_DMA_Init
 .text.HAL_DMA_Start_IT
                0x0000000008004924       0xbe Drivers/STM32F3xx_HAL_Driver/Src/stm32f3xx_hal_dma.o
                0x0000000008004924                HAL_DMA_Start_IT
 .text.HAL_DMA_Abort
                0x00000000080049e2       0x72 Drivers/STM32F3xx_HAL_Driver/Src/stm32f3xx_hal_dma.o
                0x00000000080049e2                HAL_DMA_Abort
 .text.HAL_DMA_IRQHandler
                0x0000000008004a54      0x146 Drivers/STM32F3xx_HAL_Driver/Src/stm32f3xx_hal_dma.o
                0x0000000008004a54                HAL_DMA_IRQHandler
 .text.DMA_SetConfig
                0x0000000008004b9a       0x5c Drivers/STM32F3xx_HAL_Driver/Src/stm32f3xx_hal_dma.o
 *fill*         0x0000000008004bf6        0x2 
 .text.DMA_CalcBaseAndBitshift
                0x0000000008004bf8       0x78 Drivers/STM32F3xx_HAL_Driver/Src/stm32f3xx_hal_dma.o
 .text.HAL_GPIO_Init
                0x0000000008004c70      0x314 Drivers/STM32F3xx_HAL_Driver/Src/stm32f3xx_hal_gpio.o
                0x0000000008004c70                HAL_GPIO_Init
 .text.HAL_GPIO_ReadPin
                0x0000000008004f84       0x30 Drivers/STM32F3xx_HAL_Driver/Src/stm32f3xx_hal_gpio.o
                0x0000000008004f84                HAL_GPIO_ReadPin
 .text.HAL_GPIO_WritePin
                0x0000000008004fb4       0x30 Drivers/STM32F3xx_HAL_Driver/Src/stm32f3xx_hal_gpio.o
                0x0000000008004fb4                HAL_GPIO_WritePin
 .text.HAL_I2C_Init
                0x0000000008004fe4      0x11e Drivers/STM32F3xx_HAL_Driver/Src/stm32f3xx_hal_i2c.o
                0x0000000008004fe4                HAL_I2C_Init
 *fill*         0x0000000008005102        0x2 
 .text.HAL_I2C_Master_Transmit
                0x0000000008005104      0x1e8 Drivers/STM32F3xx_HAL_Driver/Src/stm32f3xx_hal_i2c.o
                0x0000000008005104                HAL_I2C_Master_Transmit
 .text.HAL_I2C_Mem_Write
                0x00000000080052ec      0x228 Drivers/STM32F3xx_HAL_Driver/Src/stm32f3xx_hal_i2c.o
                0x00000000080052ec                HAL_I2C_Mem_Write
 .text.HAL_I2C_Mem_Read
                0x0000000008005514      0x234 Drivers/STM32F3xx_HAL_Driver/Src/stm32f3xx_hal_i2c.o
                0x0000000008005514                HAL_I2C_Mem_Read
 .text.HAL_I2C_IsDeviceReady
                0x0000000008005748      0x20e Drivers/STM32F3xx_HAL_Driver/Src/stm32f3xx_hal_i2c.o
                0x0000000008005748                HAL_I2C_IsDeviceReady
 *fill*         0x0000000008005956        0x2 
 .text.I2C_RequestMemoryWrite
                0x0000000008005958       0xa8 Drivers/STM32F3xx_HAL_Driver/Src/stm32f3xx_hal_i2c.o
 .text.I2C_RequestMemoryRead
                0x0000000008005a00       0xa8 Drivers/STM32F3xx_HAL_Driver/Src/stm32f3xx_hal_i2c.o
 .text.I2C_Flush_TXDR
                0x0000000008005aa8       0x48 Drivers/STM32F3xx_HAL_Driver/Src/stm32f3xx_hal_i2c.o
 .text.I2C_WaitOnFlagUntilTimeout
                0x0000000008005af0       0x80 Drivers/STM32F3xx_HAL_Driver/Src/stm32f3xx_hal_i2c.o
 .text.I2C_WaitOnTXISFlagUntilTimeout
                0x0000000008005b70       0x80 Drivers/STM32F3xx_HAL_Driver/Src/stm32f3xx_hal_i2c.o
 .text.I2C_WaitOnSTOPFlagUntilTimeout
                0x0000000008005bf0       0x78 Drivers/STM32F3xx_HAL_Driver/Src/stm32f3xx_hal_i2c.o
 .text.I2C_IsAcknowledgeFailed
                0x0000000008005c68       0xcc Drivers/STM32F3xx_HAL_Driver/Src/stm32f3xx_hal_i2c.o
 .text.I2C_TransferConfig
                0x0000000008005d34       0x5c Drivers/STM32F3xx_HAL_Driver/Src/stm32f3xx_hal_i2c.o
 .text.HAL_I2CEx_ConfigAnalogFilter
                0x0000000008005d90       0x96 Drivers/STM32F3xx_HAL_Driver/Src/stm32f3xx_hal_i2c_ex.o
                0x0000000008005d90                HAL_I2CEx_ConfigAnalogFilter
 .text.HAL_I2CEx_ConfigDigitalFilter
                0x0000000008005e26       0x98 Drivers/STM32F3xx_HAL_Driver/Src/stm32f3xx_hal_i2c_ex.o
                0x0000000008005e26                HAL_I2CEx_ConfigDigitalFilter
 *fill*         0x0000000008005ebe        0x2 
 .text.HAL_RCC_OscConfig
                0x0000000008005ec0      0xe2c Drivers/STM32F3xx_HAL_Driver/Src/stm32f3xx_hal_rcc.o
                0x0000000008005ec0                HAL_RCC_OscConfig
 .text.HAL_RCC_ClockConfig
                0x0000000008006cec      0x2f8 Drivers/STM32F3xx_HAL_Driver/Src/stm32f3xx_hal_rcc.o
                0x0000000008006cec                HAL_RCC_ClockConfig
 .text.HAL_RCC_GetSysClockFreq
                0x0000000008006fe4       0xd4 Drivers/STM32F3xx_HAL_Driver/Src/stm32f3xx_hal_rcc.o
                0x0000000008006fe4                HAL_RCC_GetSysClockFreq
 .text.HAL_RCC_GetHCLKFreq
                0x00000000080070b8       0x18 Drivers/STM32F3xx_HAL_Driver/Src/stm32f3xx_hal_rcc.o
                0x00000000080070b8                HAL_RCC_GetHCLKFreq
 .text.HAL_RCC_GetPCLK1Freq
                0x00000000080070d0       0x44 Drivers/STM32F3xx_HAL_Driver/Src/stm32f3xx_hal_rcc.o
                0x00000000080070d0                HAL_RCC_GetPCLK1Freq
 .text.HAL_RCC_GetPCLK2Freq
                0x0000000008007114       0x44 Drivers/STM32F3xx_HAL_Driver/Src/stm32f3xx_hal_rcc.o
                0x0000000008007114                HAL_RCC_GetPCLK2Freq
 .text.HAL_RCCEx_PeriphCLKConfig
                0x0000000008007158      0x43c Drivers/STM32F3xx_HAL_Driver/Src/stm32f3xx_hal_rcc_ex.o
                0x0000000008007158                HAL_RCCEx_PeriphCLKConfig
 .text.HAL_SPI_Init
                0x0000000008007594      0x124 Drivers/STM32F3xx_HAL_Driver/Src/stm32f3xx_hal_spi.o
                0x0000000008007594                HAL_SPI_Init
 .text.HAL_SPI_Transmit
                0x00000000080076b8      0x2cc Drivers/STM32F3xx_HAL_Driver/Src/stm32f3xx_hal_spi.o
                0x00000000080076b8                HAL_SPI_Transmit
 .text.HAL_SPI_TransmitReceive
                0x0000000008007984      0x426 Drivers/STM32F3xx_HAL_Driver/Src/stm32f3xx_hal_spi.o
                0x0000000008007984                HAL_SPI_TransmitReceive
 .text.SPI_WaitFlagStateUntilTimeout
                0x0000000008007daa       0xd4 Drivers/STM32F3xx_HAL_Driver/Src/stm32f3xx_hal_spi.o
 .text.SPI_WaitFifoStateUntilTimeout
                0x0000000008007e7e       0xda Drivers/STM32F3xx_HAL_Driver/Src/stm32f3xx_hal_spi.o
 .text.SPI_EndRxTxTransaction
                0x0000000008007f58       0x8c Drivers/STM32F3xx_HAL_Driver/Src/stm32f3xx_hal_spi.o
 .text.HAL_TIM_Base_Init
                0x0000000008007fe4       0x56 Drivers/STM32F3xx_HAL_Driver/Src/stm32f3xx_hal_tim.o
                0x0000000008007fe4                HAL_TIM_Base_Init
 *fill*         0x000000000800803a        0x2 
 .text.HAL_TIM_Base_Start_IT
                0x000000000800803c       0x54 Drivers/STM32F3xx_HAL_Driver/Src/stm32f3xx_hal_tim.o
                0x000000000800803c                HAL_TIM_Base_Start_IT
 .text.HAL_TIM_PWM_Init
                0x0000000008008090       0x56 Drivers/STM32F3xx_HAL_Driver/Src/stm32f3xx_hal_tim.o
                0x0000000008008090                HAL_TIM_PWM_Init
 .text.HAL_TIM_PWM_MspInit
                0x00000000080080e6       0x14 Drivers/STM32F3xx_HAL_Driver/Src/stm32f3xx_hal_tim.o
                0x00000000080080e6                HAL_TIM_PWM_MspInit
 *fill*         0x00000000080080fa        0x2 
 .text.HAL_TIM_PWM_Start
                0x00000000080080fc       0xc0 Drivers/STM32F3xx_HAL_Driver/Src/stm32f3xx_hal_tim.o
                0x00000000080080fc                HAL_TIM_PWM_Start
 .text.HAL_TIM_PWM_Stop
                0x00000000080081bc       0xe8 Drivers/STM32F3xx_HAL_Driver/Src/stm32f3xx_hal_tim.o
                0x00000000080081bc                HAL_TIM_PWM_Stop
 .text.HAL_TIM_IRQHandler
                0x00000000080082a4      0x23e Drivers/STM32F3xx_HAL_Driver/Src/stm32f3xx_hal_tim.o
                0x00000000080082a4                HAL_TIM_IRQHandler
 *fill*         0x00000000080084e2        0x2 
 .text.HAL_TIM_PWM_ConfigChannel
                0x00000000080084e4      0x230 Drivers/STM32F3xx_HAL_Driver/Src/stm32f3xx_hal_tim.o
                0x00000000080084e4                HAL_TIM_PWM_ConfigChannel
 .text.HAL_TIM_ConfigClockSource
                0x0000000008008714      0x172 Drivers/STM32F3xx_HAL_Driver/Src/stm32f3xx_hal_tim.o
                0x0000000008008714                HAL_TIM_ConfigClockSource
 .text.HAL_TIM_SlaveConfigSynchro
                0x0000000008008886       0x84 Drivers/STM32F3xx_HAL_Driver/Src/stm32f3xx_hal_tim.o
                0x0000000008008886                HAL_TIM_SlaveConfigSynchro
 .text.HAL_TIM_OC_DelayElapsedCallback
                0x000000000800890a       0x14 Drivers/STM32F3xx_HAL_Driver/Src/stm32f3xx_hal_tim.o
                0x000000000800890a                HAL_TIM_OC_DelayElapsedCallback
 .text.HAL_TIM_IC_CaptureCallback
                0x000000000800891e       0x14 Drivers/STM32F3xx_HAL_Driver/Src/stm32f3xx_hal_tim.o
                0x000000000800891e                HAL_TIM_IC_CaptureCallback
 .text.HAL_TIM_PWM_PulseFinishedCallback
                0x0000000008008932       0x14 Drivers/STM32F3xx_HAL_Driver/Src/stm32f3xx_hal_tim.o
                0x0000000008008932                HAL_TIM_PWM_PulseFinishedCallback
 .text.HAL_TIM_TriggerCallback
                0x0000000008008946       0x14 Drivers/STM32F3xx_HAL_Driver/Src/stm32f3xx_hal_tim.o
                0x0000000008008946                HAL_TIM_TriggerCallback
 *fill*         0x000000000800895a        0x2 
 .text.TIM_Base_SetConfig
                0x000000000800895c      0x13c Drivers/STM32F3xx_HAL_Driver/Src/stm32f3xx_hal_tim.o
                0x000000000800895c                TIM_Base_SetConfig
 .text.TIM_OC1_SetConfig
                0x0000000008008a98      0x134 Drivers/STM32F3xx_HAL_Driver/Src/stm32f3xx_hal_tim.o
 .text.TIM_OC2_SetConfig
                0x0000000008008bcc      0x128 Drivers/STM32F3xx_HAL_Driver/Src/stm32f3xx_hal_tim.o
                0x0000000008008bcc                TIM_OC2_SetConfig
 .text.TIM_OC3_SetConfig
                0x0000000008008cf4      0x124 Drivers/STM32F3xx_HAL_Driver/Src/stm32f3xx_hal_tim.o
 .text.TIM_OC4_SetConfig
                0x0000000008008e18       0xe0 Drivers/STM32F3xx_HAL_Driver/Src/stm32f3xx_hal_tim.o
 .text.TIM_OC5_SetConfig
                0x0000000008008ef8       0xd4 Drivers/STM32F3xx_HAL_Driver/Src/stm32f3xx_hal_tim.o
 .text.TIM_OC6_SetConfig
                0x0000000008008fcc       0xd8 Drivers/STM32F3xx_HAL_Driver/Src/stm32f3xx_hal_tim.o
 .text.TIM_SlaveTimer_SetConfig
                0x00000000080090a4      0x110 Drivers/STM32F3xx_HAL_Driver/Src/stm32f3xx_hal_tim.o
 .text.TIM_TI1_ConfigInputStage
                0x00000000080091b4       0x5e Drivers/STM32F3xx_HAL_Driver/Src/stm32f3xx_hal_tim.o
 .text.TIM_TI2_ConfigInputStage
                0x0000000008009212       0x60 Drivers/STM32F3xx_HAL_Driver/Src/stm32f3xx_hal_tim.o
 .text.TIM_ITRx_SetConfig
                0x0000000008009272       0x36 Drivers/STM32F3xx_HAL_Driver/Src/stm32f3xx_hal_tim.o
 .text.TIM_ETR_SetConfig
                0x00000000080092a8       0x40 Drivers/STM32F3xx_HAL_Driver/Src/stm32f3xx_hal_tim.o
                0x00000000080092a8                TIM_ETR_SetConfig
 .text.TIM_CCxChannelCmd
                0x00000000080092e8       0x4a Drivers/STM32F3xx_HAL_Driver/Src/stm32f3xx_hal_tim.o
                0x00000000080092e8                TIM_CCxChannelCmd
 *fill*         0x0000000008009332        0x2 
 .text.HAL_TIMEx_MasterConfigSynchronization
                0x0000000008009334      0x118 Drivers/STM32F3xx_HAL_Driver/Src/stm32f3xx_hal_tim_ex.o
                0x0000000008009334                HAL_TIMEx_MasterConfigSynchronization
 .text.HAL_TIMEx_ConfigBreakDeadTime
                0x000000000800944c      0x10c Drivers/STM32F3xx_HAL_Driver/Src/stm32f3xx_hal_tim_ex.o
                0x000000000800944c                HAL_TIMEx_ConfigBreakDeadTime
 .text.HAL_TIMEx_CommutCallback
                0x0000000008009558       0x14 Drivers/STM32F3xx_HAL_Driver/Src/stm32f3xx_hal_tim_ex.o
                0x0000000008009558                HAL_TIMEx_CommutCallback
 .text.HAL_TIMEx_BreakCallback
                0x000000000800956c       0x14 Drivers/STM32F3xx_HAL_Driver/Src/stm32f3xx_hal_tim_ex.o
                0x000000000800956c                HAL_TIMEx_BreakCallback
 .text.HAL_TIMEx_Break2Callback
                0x0000000008009580       0x14 Drivers/STM32F3xx_HAL_Driver/Src/stm32f3xx_hal_tim_ex.o
                0x0000000008009580                HAL_TIMEx_Break2Callback
 .text.HAL_UART_Init
                0x0000000008009594       0x9c Drivers/STM32F3xx_HAL_Driver/Src/stm32f3xx_hal_uart.o
                0x0000000008009594                HAL_UART_Init
 .text.HAL_UART_Transmit
                0x0000000008009630      0x126 Drivers/STM32F3xx_HAL_Driver/Src/stm32f3xx_hal_uart.o
                0x0000000008009630                HAL_UART_Transmit
 *fill*         0x0000000008009756        0x2 
 .text.UART_SetConfig
                0x0000000008009758      0x434 Drivers/STM32F3xx_HAL_Driver/Src/stm32f3xx_hal_uart.o
                0x0000000008009758                UART_SetConfig
 .text.UART_AdvFeatureConfig
                0x0000000008009b8c      0x144 Drivers/STM32F3xx_HAL_Driver/Src/stm32f3xx_hal_uart.o
                0x0000000008009b8c                UART_AdvFeatureConfig
 .text.UART_CheckIdleState
                0x0000000008009cd0       0x8a Drivers/STM32F3xx_HAL_Driver/Src/stm32f3xx_hal_uart.o
                0x0000000008009cd0                UART_CheckIdleState
 .text.UART_WaitOnFlagUntilTimeout
                0x0000000008009d5a       0xf6 Drivers/STM32F3xx_HAL_Driver/Src/stm32f3xx_hal_uart.o
                0x0000000008009d5a                UART_WaitOnFlagUntilTimeout
 .text.MX_FATFS_Init
                0x0000000008009e50       0x24 FATFS/App/fatfs.o
                0x0000000008009e50                MX_FATFS_Init
 .text.get_fattime
                0x0000000008009e74       0x10 FATFS/App/fatfs.o
                0x0000000008009e74                get_fattime
 .text.USER_initialize
                0x0000000008009e84       0x1e FATFS/Target/user_diskio.o
                0x0000000008009e84                USER_initialize
 .text.USER_status
                0x0000000008009ea2       0x1e FATFS/Target/user_diskio.o
                0x0000000008009ea2                USER_status
 .text.USER_read
                0x0000000008009ec0       0x28 FATFS/Target/user_diskio.o
                0x0000000008009ec0                USER_read
 .text.USER_write
                0x0000000008009ee8       0x28 FATFS/Target/user_diskio.o
                0x0000000008009ee8                USER_write
 .text.USER_ioctl
                0x0000000008009f10       0x28 FATFS/Target/user_diskio.o
                0x0000000008009f10                USER_ioctl
 .text.disk_status
                0x0000000008009f38       0x34 Middlewares/Third_Party/FatFs/src/diskio.o
                0x0000000008009f38                disk_status
 .text.disk_initialize
                0x0000000008009f6c       0x4c Middlewares/Third_Party/FatFs/src/diskio.o
                0x0000000008009f6c                disk_initialize
 .text.disk_read
                0x0000000008009fb8       0x40 Middlewares/Third_Party/FatFs/src/diskio.o
                0x0000000008009fb8                disk_read
 .text.disk_write
                0x0000000008009ff8       0x40 Middlewares/Third_Party/FatFs/src/diskio.o
                0x0000000008009ff8                disk_write
 .text.disk_ioctl
                0x000000000800a038       0x3c Middlewares/Third_Party/FatFs/src/diskio.o
                0x000000000800a038                disk_ioctl
 .text.mem_cpy  0x000000000800a074       0x3c Middlewares/Third_Party/FatFs/src/ff.o
 .text.mem_set  0x000000000800a0b0       0x34 Middlewares/Third_Party/FatFs/src/ff.o
 .text.mem_cmp  0x000000000800a0e4       0x4e Middlewares/Third_Party/FatFs/src/ff.o
 .text.chk_chr  0x000000000800a132       0x36 Middlewares/Third_Party/FatFs/src/ff.o
 .text.chk_lock
                0x000000000800a168       0xe4 Middlewares/Third_Party/FatFs/src/ff.o
 .text.enq_lock
                0x000000000800a24c       0x48 Middlewares/Third_Party/FatFs/src/ff.o
 .text.inc_lock
                0x000000000800a294      0x184 Middlewares/Third_Party/FatFs/src/ff.o
 .text.dec_lock
                0x000000000800a418       0x88 Middlewares/Third_Party/FatFs/src/ff.o
 .text.clear_lock
                0x000000000800a4a0       0x54 Middlewares/Third_Party/FatFs/src/ff.o
 .text.sync_window
                0x000000000800a4f4       0xb4 Middlewares/Third_Party/FatFs/src/ff.o
 .text.move_window
                0x000000000800a5a8       0x68 Middlewares/Third_Party/FatFs/src/ff.o
 .text.sync_fs  0x000000000800a610      0x19e Middlewares/Third_Party/FatFs/src/ff.o
 .text.clust2sect
                0x000000000800a7ae       0x50 Middlewares/Third_Party/FatFs/src/ff.o
                0x000000000800a7ae                clust2sect
 .text.get_fat  0x000000000800a7fe      0x204 Middlewares/Third_Party/FatFs/src/ff.o
                0x000000000800a7fe                get_fat
 .text.put_fat  0x000000000800aa02      0x2ba Middlewares/Third_Party/FatFs/src/ff.o
                0x000000000800aa02                put_fat
 .text.remove_chain
                0x000000000800acbc       0xd0 Middlewares/Third_Party/FatFs/src/ff.o
 .text.create_chain
                0x000000000800ad8c      0x162 Middlewares/Third_Party/FatFs/src/ff.o
 .text.clmt_clust
                0x000000000800aeee       0x88 Middlewares/Third_Party/FatFs/src/ff.o
 .text.dir_sdi  0x000000000800af76      0x1b6 Middlewares/Third_Party/FatFs/src/ff.o
 .text.dir_next
                0x000000000800b12c      0x2c4 Middlewares/Third_Party/FatFs/src/ff.o
 .text.dir_alloc
                0x000000000800b3f0       0xa2 Middlewares/Third_Party/FatFs/src/ff.o
 .text.ld_clust
                0x000000000800b492       0x5e Middlewares/Third_Party/FatFs/src/ff.o
 .text.st_clust
                0x000000000800b4f0       0x4e Middlewares/Third_Party/FatFs/src/ff.o
 *fill*         0x000000000800b53e        0x2 
 .text.cmp_lfn  0x000000000800b540       0xdc Middlewares/Third_Party/FatFs/src/ff.o
 .text.fit_lfn  0x000000000800b61c       0xec Middlewares/Third_Party/FatFs/src/ff.o
 .text.gen_numname
                0x000000000800b708      0x11e Middlewares/Third_Party/FatFs/src/ff.o
 .text.sum_sfn  0x000000000800b826       0x42 Middlewares/Third_Party/FatFs/src/ff.o
 .text.dir_find
                0x000000000800b868      0x1aa Middlewares/Third_Party/FatFs/src/ff.o
 *fill*         0x000000000800ba12        0x2 
 .text.dir_register
                0x000000000800ba14      0x260 Middlewares/Third_Party/FatFs/src/ff.o
 .text.create_name
                0x000000000800bc74      0x384 Middlewares/Third_Party/FatFs/src/ff.o
 .text.follow_path
                0x000000000800bff8       0xf2 Middlewares/Third_Party/FatFs/src/ff.o
 .text.get_ldnumber
                0x000000000800c0ea       0x88 Middlewares/Third_Party/FatFs/src/ff.o
 *fill*         0x000000000800c172        0x2 
 .text.check_fs
                0x000000000800c174       0xdc Middlewares/Third_Party/FatFs/src/ff.o
 .text.find_volume
                0x000000000800c250      0x6b8 Middlewares/Third_Party/FatFs/src/ff.o
 .text.validate
                0x000000000800c908       0x7c Middlewares/Third_Party/FatFs/src/ff.o
 .text.f_mount  0x000000000800c984       0x94 Middlewares/Third_Party/FatFs/src/ff.o
                0x000000000800c984                f_mount
 .text.f_open   0x000000000800ca18      0x674 Middlewares/Third_Party/FatFs/src/ff.o
                0x000000000800ca18                f_open
 .text.f_write  0x000000000800d08c      0x4e6 Middlewares/Third_Party/FatFs/src/ff.o
                0x000000000800d08c                f_write
 .text.f_sync   0x000000000800d572      0x1bc Middlewares/Third_Party/FatFs/src/ff.o
                0x000000000800d572                f_sync
 .text.f_close  0x000000000800d72e       0x56 Middlewares/Third_Party/FatFs/src/ff.o
                0x000000000800d72e                f_close
 .text.f_lseek  0x000000000800d784      0x668 Middlewares/Third_Party/FatFs/src/ff.o
                0x000000000800d784                f_lseek
 .text.putc_bfd
                0x000000000800ddec       0x7a Middlewares/Third_Party/FatFs/src/ff.o
 .text.f_puts   0x000000000800de66       0x74 Middlewares/Third_Party/FatFs/src/ff.o
                0x000000000800de66                f_puts
 *fill*         0x000000000800deda        0x2 
 .text.FATFS_LinkDriverEx
                0x000000000800dedc       0x98 Middlewares/Third_Party/FatFs/src/ff_gen_drv.o
                0x000000000800dedc                FATFS_LinkDriverEx
 .text.FATFS_LinkDriver
                0x000000000800df74       0x1e Middlewares/Third_Party/FatFs/src/ff_gen_drv.o
                0x000000000800df74                FATFS_LinkDriver
 *fill*         0x000000000800df92        0x2 
 .text.ff_convert
                0x000000000800df94       0x78 Middlewares/Third_Party/FatFs/src/option/ccsbcs.o
                0x000000000800df94                ff_convert
 .text.ff_wtoupper
                0x000000000800e00c       0x5c Middlewares/Third_Party/FatFs/src/option/ccsbcs.o
                0x000000000800e00c                ff_wtoupper
 .text.__libc_init_array
                0x000000000800e068       0x48 c:/st/stm32cubeide_1.3.0/stm32cubeide/plugins/com.st.stm32cube.ide.mcu.externaltools.gnu-tools-for-stm32.7-2018-q2-update.win32_1.0.0.201904181610/tools/bin/../lib/gcc/arm-none-eabi/7.3.1/../../../../arm-none-eabi/lib/thumb/v7e-m/fpv4-sp/hard\libc_nano.a(lib_a-init.o)
                0x000000000800e068                __libc_init_array
 .text.memset   0x000000000800e0b0       0x10 c:/st/stm32cubeide_1.3.0/stm32cubeide/plugins/com.st.stm32cube.ide.mcu.externaltools.gnu-tools-for-stm32.7-2018-q2-update.win32_1.0.0.201904181610/tools/bin/../lib/gcc/arm-none-eabi/7.3.1/../../../../arm-none-eabi/lib/thumb/v7e-m/fpv4-sp/hard\libc_nano.a(lib_a-memset.o)
                0x000000000800e0b0                memset
 .text.__cvt    0x000000000800e0c0       0xc2 c:/st/stm32cubeide_1.3.0/stm32cubeide/plugins/com.st.stm32cube.ide.mcu.externaltools.gnu-tools-for-stm32.7-2018-q2-update.win32_1.0.0.201904181610/tools/bin/../lib/gcc/arm-none-eabi/7.3.1/../../../../arm-none-eabi/lib/thumb/v7e-m/fpv4-sp/hard\libc_nano.a(lib_a-nano-vfprintf_float.o)
                0x000000000800e0c0                __cvt
 .text.__exponent
                0x000000000800e182       0x66 c:/st/stm32cubeide_1.3.0/stm32cubeide/plugins/com.st.stm32cube.ide.mcu.externaltools.gnu-tools-for-stm32.7-2018-q2-update.win32_1.0.0.201904181610/tools/bin/../lib/gcc/arm-none-eabi/7.3.1/../../../../arm-none-eabi/lib/thumb/v7e-m/fpv4-sp/hard\libc_nano.a(lib_a-nano-vfprintf_float.o)
                0x000000000800e182                __exponent
 .text._printf_float
                0x000000000800e1e8      0x480 c:/st/stm32cubeide_1.3.0/stm32cubeide/plugins/com.st.stm32cube.ide.mcu.externaltools.gnu-tools-for-stm32.7-2018-q2-update.win32_1.0.0.201904181610/tools/bin/../lib/gcc/arm-none-eabi/7.3.1/../../../../arm-none-eabi/lib/thumb/v7e-m/fpv4-sp/hard\libc_nano.a(lib_a-nano-vfprintf_float.o)
                0x000000000800e1e8                _printf_float
 .text._printf_common
                0x000000000800e668       0xea c:/st/stm32cubeide_1.3.0/stm32cubeide/plugins/com.st.stm32cube.ide.mcu.externaltools.gnu-tools-for-stm32.7-2018-q2-update.win32_1.0.0.201904181610/tools/bin/../lib/gcc/arm-none-eabi/7.3.1/../../../../arm-none-eabi/lib/thumb/v7e-m/fpv4-sp/hard\libc_nano.a(lib_a-nano-vfprintf_i.o)
                0x000000000800e668                _printf_common
 *fill*         0x000000000800e752        0x2 
 .text._printf_i
                0x000000000800e754      0x224 c:/st/stm32cubeide_1.3.0/stm32cubeide/plugins/com.st.stm32cube.ide.mcu.externaltools.gnu-tools-for-stm32.7-2018-q2-update.win32_1.0.0.201904181610/tools/bin/../lib/gcc/arm-none-eabi/7.3.1/../../../../arm-none-eabi/lib/thumb/v7e-m/fpv4-sp/hard\libc_nano.a(lib_a-nano-vfprintf_i.o)
                0x000000000800e754                _printf_i
 .text.sprintf  0x000000000800e978       0x40 c:/st/stm32cubeide_1.3.0/stm32cubeide/plugins/com.st.stm32cube.ide.mcu.externaltools.gnu-tools-for-stm32.7-2018-q2-update.win32_1.0.0.201904181610/tools/bin/../lib/gcc/arm-none-eabi/7.3.1/../../../../arm-none-eabi/lib/thumb/v7e-m/fpv4-sp/hard\libc_nano.a(lib_a-sprintf.o)
                0x000000000800e978                siprintf
                0x000000000800e978                sprintf
 .text.quorem   0x000000000800e9b8      0x118 c:/st/stm32cubeide_1.3.0/stm32cubeide/plugins/com.st.stm32cube.ide.mcu.externaltools.gnu-tools-for-stm32.7-2018-q2-update.win32_1.0.0.201904181610/tools/bin/../lib/gcc/arm-none-eabi/7.3.1/../../../../arm-none-eabi/lib/thumb/v7e-m/fpv4-sp/hard\libc_nano.a(lib_a-dtoa.o)
 .text._dtoa_r  0x000000000800ead0      0xb70 c:/st/stm32cubeide_1.3.0/stm32cubeide/plugins/com.st.stm32cube.ide.mcu.externaltools.gnu-tools-for-stm32.7-2018-q2-update.win32_1.0.0.201904181610/tools/bin/../lib/gcc/arm-none-eabi/7.3.1/../../../../arm-none-eabi/lib/thumb/v7e-m/fpv4-sp/hard\libc_nano.a(lib_a-dtoa.o)
                0x000000000800ead0                _dtoa_r
 .text._localeconv_r
                0x000000000800f640       0x1c c:/st/stm32cubeide_1.3.0/stm32cubeide/plugins/com.st.stm32cube.ide.mcu.externaltools.gnu-tools-for-stm32.7-2018-q2-update.win32_1.0.0.201904181610/tools/bin/../lib/gcc/arm-none-eabi/7.3.1/../../../../arm-none-eabi/lib/thumb/v7e-m/fpv4-sp/hard\libc_nano.a(lib_a-localeconv.o)
                0x000000000800f640                _localeconv_r
 .text.malloc   0x000000000800f65c       0x10 c:/st/stm32cubeide_1.3.0/stm32cubeide/plugins/com.st.stm32cube.ide.mcu.externaltools.gnu-tools-for-stm32.7-2018-q2-update.win32_1.0.0.201904181610/tools/bin/../lib/gcc/arm-none-eabi/7.3.1/../../../../arm-none-eabi/lib/thumb/v7e-m/fpv4-sp/hard\libc_nano.a(lib_a-malloc.o)
                0x000000000800f65c                malloc
 .text.memcpy   0x000000000800f66c       0x16 c:/st/stm32cubeide_1.3.0/stm32cubeide/plugins/com.st.stm32cube.ide.mcu.externaltools.gnu-tools-for-stm32.7-2018-q2-update.win32_1.0.0.201904181610/tools/bin/../lib/gcc/arm-none-eabi/7.3.1/../../../../arm-none-eabi/lib/thumb/v7e-m/fpv4-sp/hard\libc_nano.a(lib_a-memcpy-stub.o)
                0x000000000800f66c                memcpy
 .text._Balloc  0x000000000800f682       0x68 c:/st/stm32cubeide_1.3.0/stm32cubeide/plugins/com.st.stm32cube.ide.mcu.externaltools.gnu-tools-for-stm32.7-2018-q2-update.win32_1.0.0.201904181610/tools/bin/../lib/gcc/arm-none-eabi/7.3.1/../../../../arm-none-eabi/lib/thumb/v7e-m/fpv4-sp/hard\libc_nano.a(lib_a-mprec.o)
                0x000000000800f682                _Balloc
 .text._Bfree   0x000000000800f6ea       0x2e c:/st/stm32cubeide_1.3.0/stm32cubeide/plugins/com.st.stm32cube.ide.mcu.externaltools.gnu-tools-for-stm32.7-2018-q2-update.win32_1.0.0.201904181610/tools/bin/../lib/gcc/arm-none-eabi/7.3.1/../../../../arm-none-eabi/lib/thumb/v7e-m/fpv4-sp/hard\libc_nano.a(lib_a-mprec.o)
                0x000000000800f6ea                _Bfree
 .text.__multadd
                0x000000000800f718       0x76 c:/st/stm32cubeide_1.3.0/stm32cubeide/plugins/com.st.stm32cube.ide.mcu.externaltools.gnu-tools-for-stm32.7-2018-q2-update.win32_1.0.0.201904181610/tools/bin/../lib/gcc/arm-none-eabi/7.3.1/../../../../arm-none-eabi/lib/thumb/v7e-m/fpv4-sp/hard\libc_nano.a(lib_a-mprec.o)
                0x000000000800f718                __multadd
 .text.__hi0bits
                0x000000000800f78e       0x3e c:/st/stm32cubeide_1.3.0/stm32cubeide/plugins/com.st.stm32cube.ide.mcu.externaltools.gnu-tools-for-stm32.7-2018-q2-update.win32_1.0.0.201904181610/tools/bin/../lib/gcc/arm-none-eabi/7.3.1/../../../../arm-none-eabi/lib/thumb/v7e-m/fpv4-sp/hard\libc_nano.a(lib_a-mprec.o)
                0x000000000800f78e                __hi0bits
 .text.__lo0bits
                0x000000000800f7cc       0x5e c:/st/stm32cubeide_1.3.0/stm32cubeide/plugins/com.st.stm32cube.ide.mcu.externaltools.gnu-tools-for-stm32.7-2018-q2-update.win32_1.0.0.201904181610/tools/bin/../lib/gcc/arm-none-eabi/7.3.1/../../../../arm-none-eabi/lib/thumb/v7e-m/fpv4-sp/hard\libc_nano.a(lib_a-mprec.o)
                0x000000000800f7cc                __lo0bits
 .text.__i2b    0x000000000800f82a       0x12 c:/st/stm32cubeide_1.3.0/stm32cubeide/plugins/com.st.stm32cube.ide.mcu.externaltools.gnu-tools-for-stm32.7-2018-q2-update.win32_1.0.0.201904181610/tools/bin/../lib/gcc/arm-none-eabi/7.3.1/../../../../arm-none-eabi/lib/thumb/v7e-m/fpv4-sp/hard\libc_nano.a(lib_a-mprec.o)
                0x000000000800f82a                __i2b
 .text.__multiply
                0x000000000800f83c      0x12c c:/st/stm32cubeide_1.3.0/stm32cubeide/plugins/com.st.stm32cube.ide.mcu.externaltools.gnu-tools-for-stm32.7-2018-q2-update.win32_1.0.0.201904181610/tools/bin/../lib/gcc/arm-none-eabi/7.3.1/../../../../arm-none-eabi/lib/thumb/v7e-m/fpv4-sp/hard\libc_nano.a(lib_a-mprec.o)
                0x000000000800f83c                __multiply
 .text.__pow5mult
                0x000000000800f968       0x9c c:/st/stm32cubeide_1.3.0/stm32cubeide/plugins/com.st.stm32cube.ide.mcu.externaltools.gnu-tools-for-stm32.7-2018-q2-update.win32_1.0.0.201904181610/tools/bin/../lib/gcc/arm-none-eabi/7.3.1/../../../../arm-none-eabi/lib/thumb/v7e-m/fpv4-sp/hard\libc_nano.a(lib_a-mprec.o)
                0x000000000800f968                __pow5mult
 .text.__lshift
                0x000000000800fa04       0xa8 c:/st/stm32cubeide_1.3.0/stm32cubeide/plugins/com.st.stm32cube.ide.mcu.externaltools.gnu-tools-for-stm32.7-2018-q2-update.win32_1.0.0.201904181610/tools/bin/../lib/gcc/arm-none-eabi/7.3.1/../../../../arm-none-eabi/lib/thumb/v7e-m/fpv4-sp/hard\libc_nano.a(lib_a-mprec.o)
                0x000000000800fa04                __lshift
 .text.__mcmp   0x000000000800faac       0x34 c:/st/stm32cubeide_1.3.0/stm32cubeide/plugins/com.st.stm32cube.ide.mcu.externaltools.gnu-tools-for-stm32.7-2018-q2-update.win32_1.0.0.201904181610/tools/bin/../lib/gcc/arm-none-eabi/7.3.1/../../../../arm-none-eabi/lib/thumb/v7e-m/fpv4-sp/hard\libc_nano.a(lib_a-mprec.o)
                0x000000000800faac                __mcmp
 .text.__mdiff  0x000000000800fae0       0xba c:/st/stm32cubeide_1.3.0/stm32cubeide/plugins/com.st.stm32cube.ide.mcu.externaltools.gnu-tools-for-stm32.7-2018-q2-update.win32_1.0.0.201904181610/tools/bin/../lib/gcc/arm-none-eabi/7.3.1/../../../../arm-none-eabi/lib/thumb/v7e-m/fpv4-sp/hard\libc_nano.a(lib_a-mprec.o)
                0x000000000800fae0                __mdiff
 .text.__d2b    0x000000000800fb9a       0x9e c:/st/stm32cubeide_1.3.0/stm32cubeide/plugins/com.st.stm32cube.ide.mcu.externaltools.gnu-tools-for-stm32.7-2018-q2-update.win32_1.0.0.201904181610/tools/bin/../lib/gcc/arm-none-eabi/7.3.1/../../../../arm-none-eabi/lib/thumb/v7e-m/fpv4-sp/hard\libc_nano.a(lib_a-mprec.o)
                0x000000000800fb9a                __d2b
 .text._calloc_r
                0x000000000800fc38       0x1c c:/st/stm32cubeide_1.3.0/stm32cubeide/plugins/com.st.stm32cube.ide.mcu.externaltools.gnu-tools-for-stm32.7-2018-q2-update.win32_1.0.0.201904181610/tools/bin/../lib/gcc/arm-none-eabi/7.3.1/../../../../arm-none-eabi/lib/thumb/v7e-m/fpv4-sp/hard\libc_nano.a(lib_a-nano-callocr.o)
                0x000000000800fc38                _calloc_r
 .text._free_r  0x000000000800fc54       0x9c c:/st/stm32cubeide_1.3.0/stm32cubeide/plugins/com.st.stm32cube.ide.mcu.externaltools.gnu-tools-for-stm32.7-2018-q2-update.win32_1.0.0.201904181610/tools/bin/../lib/gcc/arm-none-eabi/7.3.1/../../../../arm-none-eabi/lib/thumb/v7e-m/fpv4-sp/hard\libc_nano.a(lib_a-nano-freer.o)
                0x000000000800fc54                _free_r
 .text._malloc_r
                0x000000000800fcf0       0xb4 c:/st/stm32cubeide_1.3.0/stm32cubeide/plugins/com.st.stm32cube.ide.mcu.externaltools.gnu-tools-for-stm32.7-2018-q2-update.win32_1.0.0.201904181610/tools/bin/../lib/gcc/arm-none-eabi/7.3.1/../../../../arm-none-eabi/lib/thumb/v7e-m/fpv4-sp/hard\libc_nano.a(lib_a-nano-mallocr.o)
                0x000000000800fcf0                _malloc_r
 .text.__ssputs_r
                0x000000000800fda4       0xb4 c:/st/stm32cubeide_1.3.0/stm32cubeide/plugins/com.st.stm32cube.ide.mcu.externaltools.gnu-tools-for-stm32.7-2018-q2-update.win32_1.0.0.201904181610/tools/bin/../lib/gcc/arm-none-eabi/7.3.1/../../../../arm-none-eabi/lib/thumb/v7e-m/fpv4-sp/hard\libc_nano.a(lib_a-nano-svfprintf.o)
                0x000000000800fda4                __ssputs_r
 .text._svfprintf_r
                0x000000000800fe58      0x1f0 c:/st/stm32cubeide_1.3.0/stm32cubeide/plugins/com.st.stm32cube.ide.mcu.externaltools.gnu-tools-for-stm32.7-2018-q2-update.win32_1.0.0.201904181610/tools/bin/../lib/gcc/arm-none-eabi/7.3.1/../../../../arm-none-eabi/lib/thumb/v7e-m/fpv4-sp/hard\libc_nano.a(lib_a-nano-svfprintf.o)
                0x000000000800fe58                _svfiprintf_r
                0x000000000800fe58                _svfprintf_r
 .text._sbrk_r  0x0000000008010048       0x20 c:/st/stm32cubeide_1.3.0/stm32cubeide/plugins/com.st.stm32cube.ide.mcu.externaltools.gnu-tools-for-stm32.7-2018-q2-update.win32_1.0.0.201904181610/tools/bin/../lib/gcc/arm-none-eabi/7.3.1/../../../../arm-none-eabi/lib/thumb/v7e-m/fpv4-sp/hard\libc_nano.a(lib_a-sbrkr.o)
                0x0000000008010048                _sbrk_r
 .text.__ascii_mbtowc
                0x0000000008010068       0x24 c:/st/stm32cubeide_1.3.0/stm32cubeide/plugins/com.st.stm32cube.ide.mcu.externaltools.gnu-tools-for-stm32.7-2018-q2-update.win32_1.0.0.201904181610/tools/bin/../lib/gcc/arm-none-eabi/7.3.1/../../../../arm-none-eabi/lib/thumb/v7e-m/fpv4-sp/hard\libc_nano.a(lib_a-mbtowc_r.o)
                0x0000000008010068                __ascii_mbtowc
 .text.memmove  0x000000000801008c       0x32 c:/st/stm32cubeide_1.3.0/stm32cubeide/plugins/com.st.stm32cube.ide.mcu.externaltools.gnu-tools-for-stm32.7-2018-q2-update.win32_1.0.0.201904181610/tools/bin/../lib/gcc/arm-none-eabi/7.3.1/../../../../arm-none-eabi/lib/thumb/v7e-m/fpv4-sp/hard\libc_nano.a(lib_a-memmove.o)
                0x000000000801008c                memmove
 .text.__malloc_lock
                0x00000000080100be        0x2 c:/st/stm32cubeide_1.3.0/stm32cubeide/plugins/com.st.stm32cube.ide.mcu.externaltools.gnu-tools-for-stm32.7-2018-q2-update.win32_1.0.0.201904181610/tools/bin/../lib/gcc/arm-none-eabi/7.3.1/../../../../arm-none-eabi/lib/thumb/v7e-m/fpv4-sp/hard\libc_nano.a(lib_a-mlock.o)
                0x00000000080100be                __malloc_lock
 .text.__malloc_unlock
                0x00000000080100c0        0x2 c:/st/stm32cubeide_1.3.0/stm32cubeide/plugins/com.st.stm32cube.ide.mcu.externaltools.gnu-tools-for-stm32.7-2018-q2-update.win32_1.0.0.201904181610/tools/bin/../lib/gcc/arm-none-eabi/7.3.1/../../../../arm-none-eabi/lib/thumb/v7e-m/fpv4-sp/hard\libc_nano.a(lib_a-mlock.o)
                0x00000000080100c0                __malloc_unlock
 .text._realloc_r
                0x00000000080100c2       0x4c c:/st/stm32cubeide_1.3.0/stm32cubeide/plugins/com.st.stm32cube.ide.mcu.externaltools.gnu-tools-for-stm32.7-2018-q2-update.win32_1.0.0.201904181610/tools/bin/../lib/gcc/arm-none-eabi/7.3.1/../../../../arm-none-eabi/lib/thumb/v7e-m/fpv4-sp/hard\libc_nano.a(lib_a-nano-reallocr.o)
                0x00000000080100c2                _realloc_r
 .text.__ascii_wctomb
                0x000000000801010e       0x1a c:/st/stm32cubeide_1.3.0/stm32cubeide/plugins/com.st.stm32cube.ide.mcu.externaltools.gnu-tools-for-stm32.7-2018-q2-update.win32_1.0.0.201904181610/tools/bin/../lib/gcc/arm-none-eabi/7.3.1/../../../../arm-none-eabi/lib/thumb/v7e-m/fpv4-sp/hard\libc_nano.a(lib_a-wctomb_r.o)
                0x000000000801010e                __ascii_wctomb
 .text._malloc_usable_size_r
                0x0000000008010128       0x10 c:/st/stm32cubeide_1.3.0/stm32cubeide/plugins/com.st.stm32cube.ide.mcu.externaltools.gnu-tools-for-stm32.7-2018-q2-update.win32_1.0.0.201904181610/tools/bin/../lib/gcc/arm-none-eabi/7.3.1/../../../../arm-none-eabi/lib/thumb/v7e-m/fpv4-sp/hard\libc_nano.a(lib_a-nano-msizer.o)
                0x0000000008010128                _malloc_usable_size_r
 .text._sbrk    0x0000000008010138       0x1c c:/st/stm32cubeide_1.3.0/stm32cubeide/plugins/com.st.stm32cube.ide.mcu.externaltools.gnu-tools-for-stm32.7-2018-q2-update.win32_1.0.0.201904181610/tools/bin/../lib/gcc/arm-none-eabi/7.3.1/../../../../arm-none-eabi/lib/thumb/v7e-m/fpv4-sp/hard\libnosys.a(sbrk.o)
                0x0000000008010138                _sbrk
 *(.glue_7)
 .glue_7        0x0000000008010154        0x0 linker stubs
 *(.glue_7t)
 .glue_7t       0x0000000008010154        0x0 linker stubs
 *(.eh_frame)
 .eh_frame      0x0000000008010154        0x0 c:/st/stm32cubeide_1.3.0/stm32cubeide/plugins/com.st.stm32cube.ide.mcu.externaltools.gnu-tools-for-stm32.7-2018-q2-update.win32_1.0.0.201904181610/tools/bin/../lib/gcc/arm-none-eabi/7.3.1/thumb/v7e-m/fpv4-sp/hard/crtbegin.o
 *(.init)
 .init          0x0000000008010154        0x4 c:/st/stm32cubeide_1.3.0/stm32cubeide/plugins/com.st.stm32cube.ide.mcu.externaltools.gnu-tools-for-stm32.7-2018-q2-update.win32_1.0.0.201904181610/tools/bin/../lib/gcc/arm-none-eabi/7.3.1/thumb/v7e-m/fpv4-sp/hard/crti.o
                0x0000000008010154                _init
 .init          0x0000000008010158        0x8 c:/st/stm32cubeide_1.3.0/stm32cubeide/plugins/com.st.stm32cube.ide.mcu.externaltools.gnu-tools-for-stm32.7-2018-q2-update.win32_1.0.0.201904181610/tools/bin/../lib/gcc/arm-none-eabi/7.3.1/thumb/v7e-m/fpv4-sp/hard/crtn.o
 *(.fini)
 .fini          0x0000000008010160        0x4 c:/st/stm32cubeide_1.3.0/stm32cubeide/plugins/com.st.stm32cube.ide.mcu.externaltools.gnu-tools-for-stm32.7-2018-q2-update.win32_1.0.0.201904181610/tools/bin/../lib/gcc/arm-none-eabi/7.3.1/thumb/v7e-m/fpv4-sp/hard/crti.o
                0x0000000008010160                _fini
 .fini          0x0000000008010164        0x8 c:/st/stm32cubeide_1.3.0/stm32cubeide/plugins/com.st.stm32cube.ide.mcu.externaltools.gnu-tools-for-stm32.7-2018-q2-update.win32_1.0.0.201904181610/tools/bin/../lib/gcc/arm-none-eabi/7.3.1/thumb/v7e-m/fpv4-sp/hard/crtn.o
                0x000000000801016c                . = ALIGN (0x4)
                0x000000000801016c                _etext = .

.vfp11_veneer   0x000000000801016c        0x0
 .vfp11_veneer  0x000000000801016c        0x0 linker stubs

.v4_bx          0x000000000801016c        0x0
 .v4_bx         0x000000000801016c        0x0 linker stubs

.iplt           0x000000000801016c        0x0
 .iplt          0x000000000801016c        0x0 c:/st/stm32cubeide_1.3.0/stm32cubeide/plugins/com.st.stm32cube.ide.mcu.externaltools.gnu-tools-for-stm32.7-2018-q2-update.win32_1.0.0.201904181610/tools/bin/../lib/gcc/arm-none-eabi/7.3.1/thumb/v7e-m/fpv4-sp/hard/crtbegin.o

.rodata         0x0000000008010170      0x8d8
                0x0000000008010170                . = ALIGN (0x4)
 *(.rodata)
 .rodata        0x0000000008010170       0xab Core/Src/main.o
 *fill*         0x000000000801021b        0x1 
 .rodata        0x000000000801021c       0x48 Middlewares/Third_Party/FatFs/src/ff.o
 *(.rodata*)
 .rodata.AHBPrescTable
                0x0000000008010264       0x10 Core/Src/system_stm32f3xx.o
                0x0000000008010264                AHBPrescTable
 .rodata.APBPrescTable
                0x0000000008010274        0x8 Core/Src/system_stm32f3xx.o
                0x0000000008010274                APBPrescTable
 .rodata.aPLLMULFactorTable
                0x000000000801027c       0x10 Drivers/STM32F3xx_HAL_Driver/Src/stm32f3xx_hal_rcc.o
                0x000000000801027c                aPLLMULFactorTable
 .rodata.aPredivFactorTable
                0x000000000801028c       0x10 Drivers/STM32F3xx_HAL_Driver/Src/stm32f3xx_hal_rcc.o
                0x000000000801028c                aPredivFactorTable
 .rodata.ExCvt  0x000000000801029c       0x80 Middlewares/Third_Party/FatFs/src/ff.o
 .rodata.LfnOfs
                0x000000000801031c        0xd Middlewares/Third_Party/FatFs/src/ff.o
 *fill*         0x0000000008010329        0x3 
 .rodata.Tbl    0x000000000801032c      0x100 Middlewares/Third_Party/FatFs/src/option/ccsbcs.o
 .rodata.tbl_lower.8728
                0x000000000801042c      0x1e0 Middlewares/Third_Party/FatFs/src/option/ccsbcs.o
 .rodata.tbl_upper.8729
                0x000000000801060c      0x1e0 Middlewares/Third_Party/FatFs/src/option/ccsbcs.o
 .rodata._printf_float.str1.1
                0x00000000080107ec       0x12 c:/st/stm32cubeide_1.3.0/stm32cubeide/plugins/com.st.stm32cube.ide.mcu.externaltools.gnu-tools-for-stm32.7-2018-q2-update.win32_1.0.0.201904181610/tools/bin/../lib/gcc/arm-none-eabi/7.3.1/../../../../arm-none-eabi/lib/thumb/v7e-m/fpv4-sp/hard\libc_nano.a(lib_a-nano-vfprintf_float.o)
 .rodata._printf_i.str1.1
                0x00000000080107fe       0x22 c:/st/stm32cubeide_1.3.0/stm32cubeide/plugins/com.st.stm32cube.ide.mcu.externaltools.gnu-tools-for-stm32.7-2018-q2-update.win32_1.0.0.201904181610/tools/bin/../lib/gcc/arm-none-eabi/7.3.1/../../../../arm-none-eabi/lib/thumb/v7e-m/fpv4-sp/hard\libc_nano.a(lib_a-nano-vfprintf_i.o)
 .rodata._dtoa_r.str1.1
                0x0000000008010820        0xd c:/st/stm32cubeide_1.3.0/stm32cubeide/plugins/com.st.stm32cube.ide.mcu.externaltools.gnu-tools-for-stm32.7-2018-q2-update.win32_1.0.0.201904181610/tools/bin/../lib/gcc/arm-none-eabi/7.3.1/../../../../arm-none-eabi/lib/thumb/v7e-m/fpv4-sp/hard\libc_nano.a(lib_a-dtoa.o)
                                          0xf (size before relaxing)
 *fill*         0x000000000801082d        0x3 
 .rodata.__mprec_bigtens
                0x0000000008010830       0x28 c:/st/stm32cubeide_1.3.0/stm32cubeide/plugins/com.st.stm32cube.ide.mcu.externaltools.gnu-tools-for-stm32.7-2018-q2-update.win32_1.0.0.201904181610/tools/bin/../lib/gcc/arm-none-eabi/7.3.1/../../../../arm-none-eabi/lib/thumb/v7e-m/fpv4-sp/hard\libc_nano.a(lib_a-mprec.o)
                0x0000000008010830                __mprec_bigtens
 .rodata.__mprec_tens
                0x0000000008010858       0xc8 c:/st/stm32cubeide_1.3.0/stm32cubeide/plugins/com.st.stm32cube.ide.mcu.externaltools.gnu-tools-for-stm32.7-2018-q2-update.win32_1.0.0.201904181610/tools/bin/../lib/gcc/arm-none-eabi/7.3.1/../../../../arm-none-eabi/lib/thumb/v7e-m/fpv4-sp/hard\libc_nano.a(lib_a-mprec.o)
                0x0000000008010858                __mprec_tens
 .rodata.p05.7359
                0x0000000008010920        0xc c:/st/stm32cubeide_1.3.0/stm32cubeide/plugins/com.st.stm32cube.ide.mcu.externaltools.gnu-tools-for-stm32.7-2018-q2-update.win32_1.0.0.201904181610/tools/bin/../lib/gcc/arm-none-eabi/7.3.1/../../../../arm-none-eabi/lib/thumb/v7e-m/fpv4-sp/hard\libc_nano.a(lib_a-mprec.o)
 .rodata._svfprintf_r.str1.1
                0x000000000801092c       0x11 c:/st/stm32cubeide_1.3.0/stm32cubeide/plugins/com.st.stm32cube.ide.mcu.externaltools.gnu-tools-for-stm32.7-2018-q2-update.win32_1.0.0.201904181610/tools/bin/../lib/gcc/arm-none-eabi/7.3.1/../../../../arm-none-eabi/lib/thumb/v7e-m/fpv4-sp/hard\libc_nano.a(lib_a-nano-svfprintf.o)
 .rodata._setlocale_r.str1.1
                0x000000000801093d        0x8 c:/st/stm32cubeide_1.3.0/stm32cubeide/plugins/com.st.stm32cube.ide.mcu.externaltools.gnu-tools-for-stm32.7-2018-q2-update.win32_1.0.0.201904181610/tools/bin/../lib/gcc/arm-none-eabi/7.3.1/../../../../arm-none-eabi/lib/thumb/v7e-m/fpv4-sp/hard\libc_nano.a(lib_a-locale.o)
                                          0x9 (size before relaxing)
 .rodata.str1.1
                0x0000000008010945        0x2 c:/st/stm32cubeide_1.3.0/stm32cubeide/plugins/com.st.stm32cube.ide.mcu.externaltools.gnu-tools-for-stm32.7-2018-q2-update.win32_1.0.0.201904181610/tools/bin/../lib/gcc/arm-none-eabi/7.3.1/../../../../arm-none-eabi/lib/thumb/v7e-m/fpv4-sp/hard\libc_nano.a(lib_a-locale.o)
 .rodata._ctype_
                0x0000000008010947      0x101 c:/st/stm32cubeide_1.3.0/stm32cubeide/plugins/com.st.stm32cube.ide.mcu.externaltools.gnu-tools-for-stm32.7-2018-q2-update.win32_1.0.0.201904181610/tools/bin/../lib/gcc/arm-none-eabi/7.3.1/../../../../arm-none-eabi/lib/thumb/v7e-m/fpv4-sp/hard\libc_nano.a(lib_a-ctype_.o)
                0x0000000008010947                _ctype_
                0x0000000008010a48                . = ALIGN (0x4)

.rel.dyn        0x0000000008010a48        0x0
 .rel.iplt      0x0000000008010a48        0x0 c:/st/stm32cubeide_1.3.0/stm32cubeide/plugins/com.st.stm32cube.ide.mcu.externaltools.gnu-tools-for-stm32.7-2018-q2-update.win32_1.0.0.201904181610/tools/bin/../lib/gcc/arm-none-eabi/7.3.1/thumb/v7e-m/fpv4-sp/hard/crtbegin.o

.ARM.extab      0x0000000008010a48        0x0
                0x0000000008010a48                . = ALIGN (0x4)
 *(.ARM.extab* .gnu.linkonce.armextab.*)
                0x0000000008010a48                . = ALIGN (0x4)

.ARM            0x0000000008010a48        0x0
                0x0000000008010a48                . = ALIGN (0x4)
                0x0000000008010a48                __exidx_start = .
 *(.ARM.exidx*)
                0x0000000008010a48                __exidx_end = .
                0x0000000008010a48                . = ALIGN (0x4)

.preinit_array  0x0000000008010a48        0x0
                0x0000000008010a48                . = ALIGN (0x4)
                0x0000000008010a48                PROVIDE (__preinit_array_start = .)
 *(.preinit_array*)
                0x0000000008010a48                PROVIDE (__preinit_array_end = .)
                0x0000000008010a48                . = ALIGN (0x4)

.init_array     0x0000000008010a48        0x4
                0x0000000008010a48                . = ALIGN (0x4)
                0x0000000008010a48                PROVIDE (__init_array_start = .)
 *(SORT_BY_NAME(.init_array.*))
 *(.init_array*)
 .init_array    0x0000000008010a48        0x4 c:/st/stm32cubeide_1.3.0/stm32cubeide/plugins/com.st.stm32cube.ide.mcu.externaltools.gnu-tools-for-stm32.7-2018-q2-update.win32_1.0.0.201904181610/tools/bin/../lib/gcc/arm-none-eabi/7.3.1/thumb/v7e-m/fpv4-sp/hard/crtbegin.o
                0x0000000008010a4c                PROVIDE (__init_array_end = .)
                0x0000000008010a4c                . = ALIGN (0x4)

.fini_array     0x0000000008010a4c        0x4
                0x0000000008010a4c                . = ALIGN (0x4)
                [!provide]                        PROVIDE (__fini_array_start = .)
 *(SORT_BY_NAME(.fini_array.*))
 *(.fini_array*)
 .fini_array    0x0000000008010a4c        0x4 c:/st/stm32cubeide_1.3.0/stm32cubeide/plugins/com.st.stm32cube.ide.mcu.externaltools.gnu-tools-for-stm32.7-2018-q2-update.win32_1.0.0.201904181610/tools/bin/../lib/gcc/arm-none-eabi/7.3.1/thumb/v7e-m/fpv4-sp/hard/crtbegin.o
                [!provide]                        PROVIDE (__fini_array_end = .)
                0x0000000008010a50                . = ALIGN (0x4)
                0x0000000008010a50                _sidata = LOADADDR (.data)

.data           0x0000000020000000      0x1f4 load address 0x0000000008010a50
                0x0000000020000000                . = ALIGN (0x4)
                0x0000000020000000                _sdata = .
 *(.data)
 *(.data*)
 .data.Stat     0x0000000020000000        0x1 Core/Src/fatfs_sd.o
 *fill*         0x0000000020000001        0x3 
 .data.SystemCoreClock
                0x0000000020000004        0x4 Core/Src/system_stm32f3xx.o
                0x0000000020000004                SystemCoreClock
 .data.uwTickPrio
                0x0000000020000008        0x4 Drivers/STM32F3xx_HAL_Driver/Src/stm32f3xx_hal.o
                0x0000000020000008                uwTickPrio
 .data.uwTickFreq
                0x000000002000000c        0x1 Drivers/STM32F3xx_HAL_Driver/Src/stm32f3xx_hal.o
                0x000000002000000c                uwTickFreq
 *fill*         0x000000002000000d        0x3 
 .data.USER_Driver
                0x0000000020000010       0x14 FATFS/Target/user_diskio.o
                0x0000000020000010                USER_Driver
 .data._impure_ptr
                0x0000000020000024        0x4 c:/st/stm32cubeide_1.3.0/stm32cubeide/plugins/com.st.stm32cube.ide.mcu.externaltools.gnu-tools-for-stm32.7-2018-q2-update.win32_1.0.0.201904181610/tools/bin/../lib/gcc/arm-none-eabi/7.3.1/../../../../arm-none-eabi/lib/thumb/v7e-m/fpv4-sp/hard\libc_nano.a(lib_a-impure.o)
                0x0000000020000024                _impure_ptr
 .data.impure_data
                0x0000000020000028       0x60 c:/st/stm32cubeide_1.3.0/stm32cubeide/plugins/com.st.stm32cube.ide.mcu.externaltools.gnu-tools-for-stm32.7-2018-q2-update.win32_1.0.0.201904181610/tools/bin/../lib/gcc/arm-none-eabi/7.3.1/../../../../arm-none-eabi/lib/thumb/v7e-m/fpv4-sp/hard\libc_nano.a(lib_a-impure.o)
 .data.__global_locale
                0x0000000020000088      0x16c c:/st/stm32cubeide_1.3.0/stm32cubeide/plugins/com.st.stm32cube.ide.mcu.externaltools.gnu-tools-for-stm32.7-2018-q2-update.win32_1.0.0.201904181610/tools/bin/../lib/gcc/arm-none-eabi/7.3.1/../../../../arm-none-eabi/lib/thumb/v7e-m/fpv4-sp/hard\libc_nano.a(lib_a-locale.o)
                0x0000000020000088                __global_locale
                0x00000000200001f4                . = ALIGN (0x4)
                0x00000000200001f4                _edata = .

.igot.plt       0x00000000200001f4        0x0 load address 0x0000000008010c44
 .igot.plt      0x00000000200001f4        0x0 c:/st/stm32cubeide_1.3.0/stm32cubeide/plugins/com.st.stm32cube.ide.mcu.externaltools.gnu-tools-for-stm32.7-2018-q2-update.win32_1.0.0.201904181610/tools/bin/../lib/gcc/arm-none-eabi/7.3.1/thumb/v7e-m/fpv4-sp/hard/crtbegin.o
                0x00000000200001f4                . = ALIGN (0x4)

.bss            0x00000000200001f4     0x3650 load address 0x0000000008010c44
                0x00000000200001f4                _sbss = .
                0x00000000200001f4                __bss_start__ = _sbss
 *(.bss)
 .bss           0x00000000200001f4       0x1c c:/st/stm32cubeide_1.3.0/stm32cubeide/plugins/com.st.stm32cube.ide.mcu.externaltools.gnu-tools-for-stm32.7-2018-q2-update.win32_1.0.0.201904181610/tools/bin/../lib/gcc/arm-none-eabi/7.3.1/thumb/v7e-m/fpv4-sp/hard/crtbegin.o
 *(.bss*)
 .bss.ina219_currentDivider_mA
                0x0000000020000210        0x4 Core/Src/INA219.o
 .bss.ina219_powerMultiplier_mW
                0x0000000020000214        0x4 Core/Src/INA219.o
 .bss.foto.9186
                0x0000000020000218       0x10 Core/Src/az.o
 .bss.foto.9185
                0x0000000020000228       0x10 Core/Src/elew.o
 .bss.CardType  0x0000000020000238        0x1 Core/Src/fatfs_sd.o
 .bss.PowerFlag
                0x0000000020000239        0x1 Core/Src/fatfs_sd.o
 *fill*         0x000000002000023a        0x2 
 .bss.FatFs     0x000000002000023c        0x4 Middlewares/Third_Party/FatFs/src/ff.o
 .bss.Fsid      0x0000000020000240        0x2 Middlewares/Third_Party/FatFs/src/ff.o
 *fill*         0x0000000020000242        0x2 
 .bss.Files     0x0000000020000244       0x18 Middlewares/Third_Party/FatFs/src/ff.o
 .bss.LfnBuf    0x000000002000025c      0x200 Middlewares/Third_Party/FatFs/src/ff.o
 .bss.disk      0x000000002000045c        0xc Middlewares/Third_Party/FatFs/src/ff_gen_drv.o
                0x000000002000045c                disk
 .bss.__malloc_free_list
                0x0000000020000468        0x4 c:/st/stm32cubeide_1.3.0/stm32cubeide/plugins/com.st.stm32cube.ide.mcu.externaltools.gnu-tools-for-stm32.7-2018-q2-update.win32_1.0.0.201904181610/tools/bin/../lib/gcc/arm-none-eabi/7.3.1/../../../../arm-none-eabi/lib/thumb/v7e-m/fpv4-sp/hard\libc_nano.a(lib_a-nano-mallocr.o)
                0x0000000020000468                __malloc_free_list
 .bss.__malloc_sbrk_start
                0x000000002000046c        0x4 c:/st/stm32cubeide_1.3.0/stm32cubeide/plugins/com.st.stm32cube.ide.mcu.externaltools.gnu-tools-for-stm32.7-2018-q2-update.win32_1.0.0.201904181610/tools/bin/../lib/gcc/arm-none-eabi/7.3.1/../../../../arm-none-eabi/lib/thumb/v7e-m/fpv4-sp/hard\libc_nano.a(lib_a-nano-mallocr.o)
                0x000000002000046c                __malloc_sbrk_start
 .bss.heap_end.5377
                0x0000000020000470        0x4 c:/st/stm32cubeide_1.3.0/stm32cubeide/plugins/com.st.stm32cube.ide.mcu.externaltools.gnu-tools-for-stm32.7-2018-q2-update.win32_1.0.0.201904181610/tools/bin/../lib/gcc/arm-none-eabi/7.3.1/../../../../arm-none-eabi/lib/thumb/v7e-m/fpv4-sp/hard\libnosys.a(sbrk.o)
 *(COMMON)
 COMMON         0x0000000020000474        0x2 Core/Src/INA219.o
                0x0000000020000474                ina219_calibrationValue
 *fill*         0x0000000020000476        0x2 
 COMMON         0x0000000020000478       0x94 Core/Src/adc.o
                0x0000000020000478                hadc1
                0x00000000200004c8                hdma_adc1
 COMMON         0x000000002000050c       0x4c Core/Src/i2c.o
                0x000000002000050c                hi2c1
 COMMON         0x0000000020000558     0x1058 Core/Src/main.o
                0x0000000020000558                fs
                0x0000000020001588                fresult
                0x000000002000158c                disp
 COMMON         0x00000000200015b0       0x64 Core/Src/spi.o
                0x00000000200015b0                hspi2
 COMMON         0x0000000020001614        0x2 Core/Src/stm32f3xx_it.o
                0x0000000020001614                Timer2
                0x0000000020001615                Timer1
 *fill*         0x0000000020001616        0x2 
 COMMON         0x0000000020001618      0x140 Core/Src/tim.o
                0x0000000020001618                htim8
                0x0000000020001658                htim4
                0x0000000020001698                htim3
                0x00000000200016d8                htim1
                0x0000000020001718                htim2
 COMMON         0x0000000020001758       0x80 Core/Src/usart.o
                0x0000000020001758                huart2
 COMMON         0x00000000200017d8        0x4 Drivers/STM32F3xx_HAL_Driver/Src/stm32f3xx_hal.o
                0x00000000200017d8                uwTick
 COMMON         0x00000000200017dc     0x2064 FATFS/App/fatfs.o
                0x00000000200017dc                USERPath
                0x00000000200017e0                retUSER
                0x00000000200017e4                USERFile
                0x0000000020002810                USERFatFS
 COMMON         0x0000000020003840        0x4 c:/st/stm32cubeide_1.3.0/stm32cubeide/plugins/com.st.stm32cube.ide.mcu.externaltools.gnu-tools-for-stm32.7-2018-q2-update.win32_1.0.0.201904181610/tools/bin/../lib/gcc/arm-none-eabi/7.3.1/../../../../arm-none-eabi/lib/thumb/v7e-m/fpv4-sp/hard\libc_nano.a(lib_a-reent.o)
                0x0000000020003840                errno
                0x0000000020003844                . = ALIGN (0x4)
                0x0000000020003844                _ebss = .
                0x0000000020003844                __bss_end__ = _ebss

._user_heap_stack
                0x0000000020003844      0x604 load address 0x0000000008010c44
                0x0000000020003848                . = ALIGN (0x8)
 *fill*         0x0000000020003844        0x4 
                0x0000000020003848                PROVIDE (end = .)
                [!provide]                        PROVIDE (_end = .)
                0x0000000020003a48                . = (. + _Min_Heap_Size)
 *fill*         0x0000000020003848      0x200 
                0x0000000020003e48                . = (. + _Min_Stack_Size)
 *fill*         0x0000000020003a48      0x400 
                0x0000000020003e48                . = ALIGN (0x8)

/DISCARD/
 libc.a(*)
 libm.a(*)
 libgcc.a(*)

.ARM.attributes
                0x0000000000000000       0x30
 *(.ARM.attributes)
 .ARM.attributes
                0x0000000000000000       0x22 c:/st/stm32cubeide_1.3.0/stm32cubeide/plugins/com.st.stm32cube.ide.mcu.externaltools.gnu-tools-for-stm32.7-2018-q2-update.win32_1.0.0.201904181610/tools/bin/../lib/gcc/arm-none-eabi/7.3.1/thumb/v7e-m/fpv4-sp/hard/crti.o
 .ARM.attributes
                0x0000000000000022       0x34 c:/st/stm32cubeide_1.3.0/stm32cubeide/plugins/com.st.stm32cube.ide.mcu.externaltools.gnu-tools-for-stm32.7-2018-q2-update.win32_1.0.0.201904181610/tools/bin/../lib/gcc/arm-none-eabi/7.3.1/thumb/v7e-m/fpv4-sp/hard/crtbegin.o
 .ARM.attributes
                0x0000000000000056       0x39 Core/Src/INA219.o
 .ARM.attributes
                0x000000000000008f       0x39 Core/Src/adc.o
 .ARM.attributes
                0x00000000000000c8       0x39 Core/Src/az.o
 .ARM.attributes
                0x0000000000000101       0x39 Core/Src/dma.o
 .ARM.attributes
                0x000000000000013a       0x39 Core/Src/elew.o
 .ARM.attributes
                0x0000000000000173       0x39 Core/Src/fatfs_sd.o
 .ARM.attributes
                0x00000000000001ac       0x39 Core/Src/gpio.o
 .ARM.attributes
                0x00000000000001e5       0x39 Core/Src/i2c.o
 .ARM.attributes
                0x000000000000021e       0x39 Core/Src/lcd_i2c.o
 .ARM.attributes
                0x0000000000000257       0x39 Core/Src/main.o
 .ARM.attributes
                0x0000000000000290       0x39 Core/Src/spi.o
 .ARM.attributes
                0x00000000000002c9       0x39 Core/Src/stm32f3xx_hal_msp.o
 .ARM.attributes
                0x0000000000000302       0x39 Core/Src/stm32f3xx_it.o
 .ARM.attributes
                0x000000000000033b       0x39 Core/Src/system_stm32f3xx.o
 .ARM.attributes
                0x0000000000000374       0x39 Core/Src/tim.o
 .ARM.attributes
                0x00000000000003ad       0x39 Core/Src/usart.o
 .ARM.attributes
                0x00000000000003e6       0x21 Core/Startup/startup_stm32f303retx.o
 .ARM.attributes
                0x0000000000000407       0x39 Drivers/STM32F3xx_HAL_Driver/Src/stm32f3xx_hal.o
 .ARM.attributes
                0x0000000000000440       0x39 Drivers/STM32F3xx_HAL_Driver/Src/stm32f3xx_hal_adc.o
 .ARM.attributes
                0x0000000000000479       0x39 Drivers/STM32F3xx_HAL_Driver/Src/stm32f3xx_hal_adc_ex.o
 .ARM.attributes
                0x00000000000004b2       0x39 Drivers/STM32F3xx_HAL_Driver/Src/stm32f3xx_hal_cortex.o
 .ARM.attributes
                0x00000000000004eb       0x39 Drivers/STM32F3xx_HAL_Driver/Src/stm32f3xx_hal_dma.o
 .ARM.attributes
                0x0000000000000524       0x39 Drivers/STM32F3xx_HAL_Driver/Src/stm32f3xx_hal_gpio.o
 .ARM.attributes
                0x000000000000055d       0x39 Drivers/STM32F3xx_HAL_Driver/Src/stm32f3xx_hal_i2c.o
 .ARM.attributes
                0x0000000000000596       0x39 Drivers/STM32F3xx_HAL_Driver/Src/stm32f3xx_hal_i2c_ex.o
 .ARM.attributes
                0x00000000000005cf       0x39 Drivers/STM32F3xx_HAL_Driver/Src/stm32f3xx_hal_rcc.o
 .ARM.attributes
                0x0000000000000608       0x39 Drivers/STM32F3xx_HAL_Driver/Src/stm32f3xx_hal_rcc_ex.o
 .ARM.attributes
                0x0000000000000641       0x39 Drivers/STM32F3xx_HAL_Driver/Src/stm32f3xx_hal_spi.o
 .ARM.attributes
                0x000000000000067a       0x39 Drivers/STM32F3xx_HAL_Driver/Src/stm32f3xx_hal_tim.o
 .ARM.attributes
                0x00000000000006b3       0x39 Drivers/STM32F3xx_HAL_Driver/Src/stm32f3xx_hal_tim_ex.o
 .ARM.attributes
                0x00000000000006ec       0x39 Drivers/STM32F3xx_HAL_Driver/Src/stm32f3xx_hal_uart.o
 .ARM.attributes
                0x0000000000000725       0x39 FATFS/App/fatfs.o
 .ARM.attributes
                0x000000000000075e       0x39 FATFS/Target/user_diskio.o
 .ARM.attributes
                0x0000000000000797       0x39 Middlewares/Third_Party/FatFs/src/diskio.o
 .ARM.attributes
                0x00000000000007d0       0x39 Middlewares/Third_Party/FatFs/src/ff.o
 .ARM.attributes
                0x0000000000000809       0x39 Middlewares/Third_Party/FatFs/src/ff_gen_drv.o
 .ARM.attributes
                0x0000000000000842       0x39 Middlewares/Third_Party/FatFs/src/option/ccsbcs.o
 .ARM.attributes